[Fri Feb 20 21:50:24 2026] Linux version 5.15.0-168-generic (buildd@lcy02-amd64-116) (gcc (Ubuntu 11.4.0-1ubuntu1~22.04.2) 11.4.0, GNU ld (GNU Binutils for Ubuntu) 2.38) #178-Ubuntu SMP Fri Jan 9 19:05:03 UTC 2026 (Ubuntu 5.15.0-168.178-generic 5.15.193)
[Fri Feb 20 21:50:24 2026] Command line: BOOT_IMAGE=/vmlinuz-5.15.0-168-generic root=/dev/mapper/ubuntu--vg-ubuntu--lv ro
[Fri Feb 20 21:50:24 2026] KERNEL supported cpus:
[Fri Feb 20 21:50:24 2026]   Intel GenuineIntel
[Fri Feb 20 21:50:24 2026]   AMD AuthenticAMD
[Fri Feb 20 21:50:24 2026]   Hygon HygonGenuine
[Fri Feb 20 21:50:24 2026]   Centaur CentaurHauls
[Fri Feb 20 21:50:24 2026]   zhaoxin   Shanghai  
[Fri Feb 20 21:50:24 2026] BIOS-provided physical RAM map:
[Fri Feb 20 21:50:24 2026] BIOS-e820: [mem 0x0000000000000000-0x000000000009ffff] usable
[Fri Feb 20 21:50:24 2026] BIOS-e820: [mem 0x00000000000a0000-0x00000000000fffff] reserved
[Fri Feb 20 21:50:24 2026] BIOS-e820: [mem 0x0000000000100000-0x0000000009e01fff] usable
[Fri Feb 20 21:50:24 2026] BIOS-e820: [mem 0x0000000009e02000-0x0000000009ffffff] reserved
[Fri Feb 20 21:50:24 2026] BIOS-e820: [mem 0x000000000a000000-0x000000000a1fffff] usable
[Fri Feb 20 21:50:24 2026] BIOS-e820: [mem 0x000000000a200000-0x000000000a212fff] ACPI NVS
[Fri Feb 20 21:50:24 2026] BIOS-e820: [mem 0x000000000a213000-0x000000000affffff] usable
[Fri Feb 20 21:50:24 2026] BIOS-e820: [mem 0x000000000b000000-0x000000000b01ffff] reserved
[Fri Feb 20 21:50:24 2026] BIOS-e820: [mem 0x000000000b020000-0x00000000cb34cfff] usable
[Fri Feb 20 21:50:24 2026] BIOS-e820: [mem 0x00000000cb34d000-0x00000000cb6a9fff] reserved
[Fri Feb 20 21:50:24 2026] BIOS-e820: [mem 0x00000000cb6aa000-0x00000000cb70dfff] ACPI data
[Fri Feb 20 21:50:24 2026] BIOS-e820: [mem 0x00000000cb70e000-0x00000000cce0cfff] ACPI NVS
[Fri Feb 20 21:50:24 2026] BIOS-e820: [mem 0x00000000cce0d000-0x00000000cddfefff] reserved
[Fri Feb 20 21:50:24 2026] BIOS-e820: [mem 0x00000000cddff000-0x00000000ceffffff] usable
[Fri Feb 20 21:50:24 2026] BIOS-e820: [mem 0x00000000cf000000-0x00000000cfffffff] reserved
[Fri Feb 20 21:50:24 2026] BIOS-e820: [mem 0x00000000f0000000-0x00000000f7ffffff] reserved
[Fri Feb 20 21:50:24 2026] BIOS-e820: [mem 0x00000000fd200000-0x00000000fd2fffff] reserved
[Fri Feb 20 21:50:24 2026] BIOS-e820: [mem 0x00000000fd600000-0x00000000fd7fffff] reserved
[Fri Feb 20 21:50:24 2026] BIOS-e820: [mem 0x00000000fea00000-0x00000000fea0ffff] reserved
[Fri Feb 20 21:50:24 2026] BIOS-e820: [mem 0x00000000feb80000-0x00000000fec01fff] reserved
[Fri Feb 20 21:50:24 2026] BIOS-e820: [mem 0x00000000fec10000-0x00000000fec10fff] reserved
[Fri Feb 20 21:50:24 2026] BIOS-e820: [mem 0x00000000fec30000-0x00000000fec30fff] reserved
[Fri Feb 20 21:50:24 2026] BIOS-e820: [mem 0x00000000fed00000-0x00000000fed00fff] reserved
[Fri Feb 20 21:50:24 2026] BIOS-e820: [mem 0x00000000fed40000-0x00000000fed44fff] reserved
[Fri Feb 20 21:50:24 2026] BIOS-e820: [mem 0x00000000fed80000-0x00000000fed8ffff] reserved
[Fri Feb 20 21:50:24 2026] BIOS-e820: [mem 0x00000000fedc2000-0x00000000fedcffff] reserved
[Fri Feb 20 21:50:24 2026] BIOS-e820: [mem 0x00000000fedd4000-0x00000000fedd5fff] reserved
[Fri Feb 20 21:50:24 2026] BIOS-e820: [mem 0x00000000ff000000-0x00000000ffffffff] reserved
[Fri Feb 20 21:50:24 2026] BIOS-e820: [mem 0x0000000100000000-0x000000042f37ffff] usable
[Fri Feb 20 21:50:24 2026] BIOS-e820: [mem 0x000000042f380000-0x000000042fffffff] reserved
[Fri Feb 20 21:50:24 2026] NX (Execute Disable) protection: active
[Fri Feb 20 21:50:24 2026] e820: update [mem 0xc70c5018-0xc70d3057] usable ==> usable
[Fri Feb 20 21:50:24 2026] e820: update [mem 0xc70c5018-0xc70d3057] usable ==> usable
[Fri Feb 20 21:50:24 2026] e820: update [mem 0xc70a3018-0xc70c4057] usable ==> usable
[Fri Feb 20 21:50:24 2026] e820: update [mem 0xc70a3018-0xc70c4057] usable ==> usable
[Fri Feb 20 21:50:24 2026] extended physical RAM map:
[Fri Feb 20 21:50:24 2026] reserve setup_data: [mem 0x0000000000000000-0x000000000009ffff] usable
[Fri Feb 20 21:50:24 2026] reserve setup_data: [mem 0x00000000000a0000-0x00000000000fffff] reserved
[Fri Feb 20 21:50:24 2026] reserve setup_data: [mem 0x0000000000100000-0x0000000009e01fff] usable
[Fri Feb 20 21:50:24 2026] reserve setup_data: [mem 0x0000000009e02000-0x0000000009ffffff] reserved
[Fri Feb 20 21:50:24 2026] reserve setup_data: [mem 0x000000000a000000-0x000000000a1fffff] usable
[Fri Feb 20 21:50:24 2026] reserve setup_data: [mem 0x000000000a200000-0x000000000a212fff] ACPI NVS
[Fri Feb 20 21:50:24 2026] reserve setup_data: [mem 0x000000000a213000-0x000000000affffff] usable
[Fri Feb 20 21:50:24 2026] reserve setup_data: [mem 0x000000000b000000-0x000000000b01ffff] reserved
[Fri Feb 20 21:50:24 2026] reserve setup_data: [mem 0x000000000b020000-0x00000000c70a3017] usable
[Fri Feb 20 21:50:24 2026] reserve setup_data: [mem 0x00000000c70a3018-0x00000000c70c4057] usable
[Fri Feb 20 21:50:24 2026] reserve setup_data: [mem 0x00000000c70c4058-0x00000000c70c5017] usable
[Fri Feb 20 21:50:24 2026] reserve setup_data: [mem 0x00000000c70c5018-0x00000000c70d3057] usable
[Fri Feb 20 21:50:24 2026] reserve setup_data: [mem 0x00000000c70d3058-0x00000000cb34cfff] usable
[Fri Feb 20 21:50:24 2026] reserve setup_data: [mem 0x00000000cb34d000-0x00000000cb6a9fff] reserved
[Fri Feb 20 21:50:24 2026] reserve setup_data: [mem 0x00000000cb6aa000-0x00000000cb70dfff] ACPI data
[Fri Feb 20 21:50:24 2026] reserve setup_data: [mem 0x00000000cb70e000-0x00000000cce0cfff] ACPI NVS
[Fri Feb 20 21:50:24 2026] reserve setup_data: [mem 0x00000000cce0d000-0x00000000cddfefff] reserved
[Fri Feb 20 21:50:24 2026] reserve setup_data: [mem 0x00000000cddff000-0x00000000ceffffff] usable
[Fri Feb 20 21:50:24 2026] reserve setup_data: [mem 0x00000000cf000000-0x00000000cfffffff] reserved
[Fri Feb 20 21:50:24 2026] reserve setup_data: [mem 0x00000000f0000000-0x00000000f7ffffff] reserved
[Fri Feb 20 21:50:24 2026] reserve setup_data: [mem 0x00000000fd200000-0x00000000fd2fffff] reserved
[Fri Feb 20 21:50:24 2026] reserve setup_data: [mem 0x00000000fd600000-0x00000000fd7fffff] reserved
[Fri Feb 20 21:50:24 2026] reserve setup_data: [mem 0x00000000fea00000-0x00000000fea0ffff] reserved
[Fri Feb 20 21:50:24 2026] reserve setup_data: [mem 0x00000000feb80000-0x00000000fec01fff] reserved
[Fri Feb 20 21:50:24 2026] reserve setup_data: [mem 0x00000000fec10000-0x00000000fec10fff] reserved
[Fri Feb 20 21:50:24 2026] reserve setup_data: [mem 0x00000000fec30000-0x00000000fec30fff] reserved
[Fri Feb 20 21:50:24 2026] reserve setup_data: [mem 0x00000000fed00000-0x00000000fed00fff] reserved
[Fri Feb 20 21:50:24 2026] reserve setup_data: [mem 0x00000000fed40000-0x00000000fed44fff] reserved
[Fri Feb 20 21:50:24 2026] reserve setup_data: [mem 0x00000000fed80000-0x00000000fed8ffff] reserved
[Fri Feb 20 21:50:24 2026] reserve setup_data: [mem 0x00000000fedc2000-0x00000000fedcffff] reserved
[Fri Feb 20 21:50:24 2026] reserve setup_data: [mem 0x00000000fedd4000-0x00000000fedd5fff] reserved
[Fri Feb 20 21:50:24 2026] reserve setup_data: [mem 0x00000000ff000000-0x00000000ffffffff] reserved
[Fri Feb 20 21:50:24 2026] reserve setup_data: [mem 0x0000000100000000-0x000000042f37ffff] usable
[Fri Feb 20 21:50:24 2026] reserve setup_data: [mem 0x000000042f380000-0x000000042fffffff] reserved
[Fri Feb 20 21:50:24 2026] efi: EFI v2.70 by American Megatrends
[Fri Feb 20 21:50:24 2026] efi: ACPI=0xccdf6000 ACPI 2.0=0xccdf6014 SMBIOS=0xcdc0d000 MEMATTR=0xc87f5018 MOKvar=0xcdc3c000 RNG=0xcb6e0018 
[Fri Feb 20 21:50:24 2026] random: crng init done
[Fri Feb 20 21:50:24 2026] secureboot: Secure boot disabled
[Fri Feb 20 21:50:24 2026] SMBIOS 2.8 present.
[Fri Feb 20 21:50:24 2026] DMI: Micro-Star International Co., Ltd. US Desktop/B550M PRO-VDH WIFI6 (MS-7C95), BIOS 2.A2 11/04/2020
[Fri Feb 20 21:50:24 2026] tsc: Fast TSC calibration using PIT
[Fri Feb 20 21:50:24 2026] tsc: Detected 3600.084 MHz processor
[Fri Feb 20 21:50:24 2026] e820: update [mem 0x00000000-0x00000fff] usable ==> reserved
[Fri Feb 20 21:50:24 2026] e820: remove [mem 0x000a0000-0x000fffff] usable
[Fri Feb 20 21:50:24 2026] last_pfn = 0x42f380 max_arch_pfn = 0x400000000
[Fri Feb 20 21:50:24 2026] x86/PAT: Configuration [0-7]: WB  WC  UC- UC  WB  WP  UC- WT  
[Fri Feb 20 21:50:24 2026] total RAM covered: 3327M
[Fri Feb 20 21:50:24 2026] Found optimal setting for mtrr clean up
[Fri Feb 20 21:50:24 2026]  gran_size: 64K 	chunk_size: 64M 	num_reg: 4  	lose cover RAM: 0G
[Fri Feb 20 21:50:24 2026] e820: update [mem 0xcd3e0000-0xcd3effff] usable ==> reserved
[Fri Feb 20 21:50:24 2026] e820: update [mem 0xd0000000-0xffffffff] usable ==> reserved
[Fri Feb 20 21:50:24 2026] last_pfn = 0xcf000 max_arch_pfn = 0x400000000
[Fri Feb 20 21:50:24 2026] Using GB pages for direct mapping
[Fri Feb 20 21:50:24 2026] secureboot: Secure boot disabled
[Fri Feb 20 21:50:24 2026] RAMDISK: [mem 0xb9c02000-0xc6224fff]
[Fri Feb 20 21:50:24 2026] ACPI: Early table checksum verification disabled
[Fri Feb 20 21:50:24 2026] ACPI: RSDP 0x00000000CCDF6014 000024 (v02 ALASKA)
[Fri Feb 20 21:50:24 2026] ACPI: XSDT 0x00000000CCDF5728 0000CC (v01 ALASKA A M I    01072009 AMI  01000013)
[Fri Feb 20 21:50:24 2026] ACPI: FACP 0x00000000CB6FF000 000114 (v06 ALASKA A M I    01072009 AMI  00010013)
[Fri Feb 20 21:50:24 2026] ACPI: DSDT 0x00000000CB6F8000 006F26 (v02 ALASKA A M I    01072009 INTL 20120913)
[Fri Feb 20 21:50:24 2026] ACPI: FACS 0x00000000CCDF0000 000040
[Fri Feb 20 21:50:24 2026] ACPI: SSDT 0x00000000CB705000 008C98 (v02 AMD    AmdTable 00000002 MSFT 04000000)
[Fri Feb 20 21:50:24 2026] ACPI: SSDT 0x00000000CB701000 003ACF (v01 AMD    AMD AOD  00000001 INTL 20120913)
[Fri Feb 20 21:50:24 2026] ACPI: SSDT 0x00000000CB700000 0001AD (v02 ALASKA CPUSSDT  01072009 AMI  01072009)
[Fri Feb 20 21:50:24 2026] ACPI: FIDT 0x00000000CB6F7000 00009C (v01 ALASKA A M I    01072009 AMI  00010013)
[Fri Feb 20 21:50:24 2026] ACPI: MCFG 0x00000000CB6F6000 00003C (v01 ALASKA A M I    01072009 MSFT 00010013)
[Fri Feb 20 21:50:24 2026] ACPI: HPET 0x00000000CB6F5000 000038 (v01 ALASKA A M I    01072009 AMI  00000005)
[Fri Feb 20 21:50:24 2026] ACPI: IVRS 0x00000000CB6F4000 0000D0 (v02 AMD    AmdTable 00000001 AMD  00000000)
[Fri Feb 20 21:50:24 2026] ACPI: PCCT 0x00000000CB6F3000 00006E (v02 AMD    AmdTable 00000001 AMD  00000000)
[Fri Feb 20 21:50:24 2026] ACPI: SSDT 0x00000000CB6F0000 002F65 (v02 AMD    AmdTable 00000001 AMD  00000001)
[Fri Feb 20 21:50:24 2026] ACPI: CRAT 0x00000000CB6EF000 000B58 (v01 AMD    AmdTable 00000001 AMD  00000001)
[Fri Feb 20 21:50:24 2026] ACPI: CDIT 0x00000000CB6EE000 000029 (v01 AMD    AmdTable 00000001 AMD  00000001)
[Fri Feb 20 21:50:24 2026] ACPI: BGRT 0x00000000CB6ED000 000038 (v01 ALASKA A M I    01072009 AMI  00010013)
[Fri Feb 20 21:50:24 2026] ACPI: SSDT 0x00000000CB6EC000 00022A (v01 AMD    ArticDGP 00000001 INTL 20120913)
[Fri Feb 20 21:50:24 2026] ACPI: SSDT 0x00000000CB6E8000 003445 (v01 AMD    ArticN   00000001 INTL 20120913)
[Fri Feb 20 21:50:24 2026] ACPI: WSMT 0x00000000CB6E7000 000028 (v01 ALASKA A M I    01072009 AMI  00010013)
[Fri Feb 20 21:50:24 2026] ACPI: APIC 0x00000000CB6E6000 00015E (v03 ALASKA A M I    01072009 AMI  00010013)
[Fri Feb 20 21:50:24 2026] ACPI: SSDT 0x00000000CB6E5000 00007D (v01 AMD    ArticDIS 00000001 INTL 20120913)
[Fri Feb 20 21:50:24 2026] ACPI: SSDT 0x00000000CB6E3000 0010AF (v01 AMD    ArticC   00000001 INTL 20120913)
[Fri Feb 20 21:50:24 2026] ACPI: SSDT 0x00000000CB6E2000 0000BF (v01 AMD    AmdTable 00001000 INTL 20120913)
[Fri Feb 20 21:50:24 2026] ACPI: FPDT 0x00000000CB6E1000 000044 (v01 ALASKA A M I    01072009 AMI  01000013)
[Fri Feb 20 21:50:24 2026] ACPI: Reserving FACP table memory at [mem 0xcb6ff000-0xcb6ff113]
[Fri Feb 20 21:50:24 2026] ACPI: Reserving DSDT table memory at [mem 0xcb6f8000-0xcb6fef25]
[Fri Feb 20 21:50:24 2026] ACPI: Reserving FACS table memory at [mem 0xccdf0000-0xccdf003f]
[Fri Feb 20 21:50:24 2026] ACPI: Reserving SSDT table memory at [mem 0xcb705000-0xcb70dc97]
[Fri Feb 20 21:50:24 2026] ACPI: Reserving SSDT table memory at [mem 0xcb701000-0xcb704ace]
[Fri Feb 20 21:50:24 2026] ACPI: Reserving SSDT table memory at [mem 0xcb700000-0xcb7001ac]
[Fri Feb 20 21:50:24 2026] ACPI: Reserving FIDT table memory at [mem 0xcb6f7000-0xcb6f709b]
[Fri Feb 20 21:50:24 2026] ACPI: Reserving MCFG table memory at [mem 0xcb6f6000-0xcb6f603b]
[Fri Feb 20 21:50:24 2026] ACPI: Reserving HPET table memory at [mem 0xcb6f5000-0xcb6f5037]
[Fri Feb 20 21:50:24 2026] ACPI: Reserving IVRS table memory at [mem 0xcb6f4000-0xcb6f40cf]
[Fri Feb 20 21:50:24 2026] ACPI: Reserving PCCT table memory at [mem 0xcb6f3000-0xcb6f306d]
[Fri Feb 20 21:50:24 2026] ACPI: Reserving SSDT table memory at [mem 0xcb6f0000-0xcb6f2f64]
[Fri Feb 20 21:50:24 2026] ACPI: Reserving CRAT table memory at [mem 0xcb6ef000-0xcb6efb57]
[Fri Feb 20 21:50:24 2026] ACPI: Reserving CDIT table memory at [mem 0xcb6ee000-0xcb6ee028]
[Fri Feb 20 21:50:24 2026] ACPI: Reserving BGRT table memory at [mem 0xcb6ed000-0xcb6ed037]
[Fri Feb 20 21:50:24 2026] ACPI: Reserving SSDT table memory at [mem 0xcb6ec000-0xcb6ec229]
[Fri Feb 20 21:50:24 2026] ACPI: Reserving SSDT table memory at [mem 0xcb6e8000-0xcb6eb444]
[Fri Feb 20 21:50:24 2026] ACPI: Reserving WSMT table memory at [mem 0xcb6e7000-0xcb6e7027]
[Fri Feb 20 21:50:24 2026] ACPI: Reserving APIC table memory at [mem 0xcb6e6000-0xcb6e615d]
[Fri Feb 20 21:50:24 2026] ACPI: Reserving SSDT table memory at [mem 0xcb6e5000-0xcb6e507c]
[Fri Feb 20 21:50:24 2026] ACPI: Reserving SSDT table memory at [mem 0xcb6e3000-0xcb6e40ae]
[Fri Feb 20 21:50:24 2026] ACPI: Reserving SSDT table memory at [mem 0xcb6e2000-0xcb6e20be]
[Fri Feb 20 21:50:24 2026] ACPI: Reserving FPDT table memory at [mem 0xcb6e1000-0xcb6e1043]
[Fri Feb 20 21:50:24 2026] No NUMA configuration found
[Fri Feb 20 21:50:24 2026] Faking a node at [mem 0x0000000000000000-0x000000042f37ffff]
[Fri Feb 20 21:50:24 2026] NODE_DATA(0) allocated [mem 0x42f356000-0x42f37ffff]
[Fri Feb 20 21:50:24 2026] Zone ranges:
[Fri Feb 20 21:50:24 2026]   DMA      [mem 0x0000000000001000-0x0000000000ffffff]
[Fri Feb 20 21:50:24 2026]   DMA32    [mem 0x0000000001000000-0x00000000ffffffff]
[Fri Feb 20 21:50:24 2026]   Normal   [mem 0x0000000100000000-0x000000042f37ffff]
[Fri Feb 20 21:50:24 2026]   Device   empty
[Fri Feb 20 21:50:24 2026] Movable zone start for each node
[Fri Feb 20 21:50:24 2026] Early memory node ranges
[Fri Feb 20 21:50:24 2026]   node   0: [mem 0x0000000000001000-0x000000000009ffff]
[Fri Feb 20 21:50:24 2026]   node   0: [mem 0x0000000000100000-0x0000000009e01fff]
[Fri Feb 20 21:50:24 2026]   node   0: [mem 0x000000000a000000-0x000000000a1fffff]
[Fri Feb 20 21:50:24 2026]   node   0: [mem 0x000000000a213000-0x000000000affffff]
[Fri Feb 20 21:50:24 2026]   node   0: [mem 0x000000000b020000-0x00000000cb34cfff]
[Fri Feb 20 21:50:24 2026]   node   0: [mem 0x00000000cddff000-0x00000000ceffffff]
[Fri Feb 20 21:50:24 2026]   node   0: [mem 0x0000000100000000-0x000000042f37ffff]
[Fri Feb 20 21:50:24 2026] Initmem setup node 0 [mem 0x0000000000001000-0x000000042f37ffff]
[Fri Feb 20 21:50:24 2026] On node 0, zone DMA: 1 pages in unavailable ranges
[Fri Feb 20 21:50:24 2026] On node 0, zone DMA: 96 pages in unavailable ranges
[Fri Feb 20 21:50:24 2026] On node 0, zone DMA32: 510 pages in unavailable ranges
[Fri Feb 20 21:50:24 2026] On node 0, zone DMA32: 19 pages in unavailable ranges
[Fri Feb 20 21:50:24 2026] On node 0, zone DMA32: 32 pages in unavailable ranges
[Fri Feb 20 21:50:24 2026] On node 0, zone DMA32: 10930 pages in unavailable ranges
[Fri Feb 20 21:50:24 2026] On node 0, zone Normal: 4096 pages in unavailable ranges
[Fri Feb 20 21:50:24 2026] On node 0, zone Normal: 3200 pages in unavailable ranges
[Fri Feb 20 21:50:24 2026] ACPI: PM-Timer IO Port: 0x808
[Fri Feb 20 21:50:24 2026] ACPI: LAPIC_NMI (acpi_id[0xff] high edge lint[0x1])
[Fri Feb 20 21:50:24 2026] IOAPIC[0]: apic_id 13, version 33, address 0xfec00000, GSI 0-23
[Fri Feb 20 21:50:24 2026] IOAPIC[1]: apic_id 14, version 33, address 0xfec01000, GSI 24-55
[Fri Feb 20 21:50:24 2026] ACPI: INT_SRC_OVR (bus 0 bus_irq 0 global_irq 2 dfl dfl)
[Fri Feb 20 21:50:24 2026] ACPI: INT_SRC_OVR (bus 0 bus_irq 9 global_irq 9 low level)
[Fri Feb 20 21:50:24 2026] ACPI: Using ACPI (MADT) for SMP configuration information
[Fri Feb 20 21:50:24 2026] ACPI: HPET id: 0x10228201 base: 0xfed00000
[Fri Feb 20 21:50:24 2026] e820: update [mem 0xc715a000-0xc71b6fff] usable ==> reserved
[Fri Feb 20 21:50:24 2026] smpboot: Allowing 32 CPUs, 20 hotplug CPUs
[Fri Feb 20 21:50:24 2026] PM: hibernation: Registered nosave memory: [mem 0x00000000-0x00000fff]
[Fri Feb 20 21:50:24 2026] PM: hibernation: Registered nosave memory: [mem 0x000a0000-0x000fffff]
[Fri Feb 20 21:50:24 2026] PM: hibernation: Registered nosave memory: [mem 0x09e02000-0x09ffffff]
[Fri Feb 20 21:50:24 2026] PM: hibernation: Registered nosave memory: [mem 0x0a200000-0x0a212fff]
[Fri Feb 20 21:50:24 2026] PM: hibernation: Registered nosave memory: [mem 0x0b000000-0x0b01ffff]
[Fri Feb 20 21:50:24 2026] PM: hibernation: Registered nosave memory: [mem 0xc715a000-0xc71b6fff]
[Fri Feb 20 21:50:24 2026] PM: hibernation: Registered nosave memory: [mem 0xcb34d000-0xcddfefff]
[Fri Feb 20 21:50:24 2026] PM: hibernation: Registered nosave memory: [mem 0xcf000000-0xffffffff]
[Fri Feb 20 21:50:24 2026] [mem 0xd0000000-0xefffffff] available for PCI devices
[Fri Feb 20 21:50:24 2026] Booting paravirtualized kernel on bare hardware
[Fri Feb 20 21:50:24 2026] clocksource: refined-jiffies: mask: 0xffffffff max_cycles: 0xffffffff, max_idle_ns: 7645519600211568 ns
[Fri Feb 20 21:50:24 2026] setup_percpu: NR_CPUS:8192 nr_cpumask_bits:32 nr_cpu_ids:32 nr_node_ids:1
[Fri Feb 20 21:50:24 2026] percpu: Embedded 62 pages/cpu s217088 r8192 d28672 u262144
[Fri Feb 20 21:50:24 2026] pcpu-alloc: s217088 r8192 d28672 u262144 alloc=1*2097152
[Fri Feb 20 21:50:24 2026] pcpu-alloc: [0] 00 01 02 03 04 05 06 07 [0] 08 09 10 11 12 13 14 15 
[Fri Feb 20 21:50:24 2026] pcpu-alloc: [0] 16 17 18 19 20 21 22 23 [0] 24 25 26 27 28 29 30 31 
[Fri Feb 20 21:50:24 2026] Built 1 zonelists, mobility grouping on.  Total pages: 4110018
[Fri Feb 20 21:50:24 2026] Policy zone: Normal
[Fri Feb 20 21:50:24 2026] Kernel command line: BOOT_IMAGE=/vmlinuz-5.15.0-168-generic root=/dev/mapper/ubuntu--vg-ubuntu--lv ro
[Fri Feb 20 21:50:24 2026] Unknown kernel command line parameters "BOOT_IMAGE=/vmlinuz-5.15.0-168-generic", will be passed to user space.
[Fri Feb 20 21:50:24 2026] Dentry cache hash table entries: 2097152 (order: 12, 16777216 bytes, linear)
[Fri Feb 20 21:50:24 2026] Inode-cache hash table entries: 1048576 (order: 11, 8388608 bytes, linear)
[Fri Feb 20 21:50:24 2026] mem auto-init: stack:off, heap alloc:on, heap free:off
[Fri Feb 20 21:50:24 2026] Memory: 15992740K/16701680K available (16393K kernel code, 4398K rwdata, 10992K rodata, 3292K init, 18772K bss, 708680K reserved, 0K cma-reserved)
[Fri Feb 20 21:50:24 2026] SLUB: HWalign=64, Order=0-3, MinObjects=0, CPUs=32, Nodes=1
[Fri Feb 20 21:50:24 2026] ftrace: allocating 50876 entries in 199 pages
[Fri Feb 20 21:50:24 2026] ftrace: allocated 199 pages with 5 groups
[Fri Feb 20 21:50:24 2026] rcu: Hierarchical RCU implementation.
[Fri Feb 20 21:50:24 2026] rcu: 	RCU restricting CPUs from NR_CPUS=8192 to nr_cpu_ids=32.
[Fri Feb 20 21:50:24 2026] 	Rude variant of Tasks RCU enabled.
[Fri Feb 20 21:50:24 2026] 	Tracing variant of Tasks RCU enabled.
[Fri Feb 20 21:50:24 2026] rcu: RCU calculated value of scheduler-enlistment delay is 25 jiffies.
[Fri Feb 20 21:50:24 2026] rcu: Adjusting geometry for rcu_fanout_leaf=16, nr_cpu_ids=32
[Fri Feb 20 21:50:24 2026] NR_IRQS: 524544, nr_irqs: 1224, preallocated irqs: 16
[Fri Feb 20 21:50:24 2026] Console: colour dummy device 80x25
[Fri Feb 20 21:50:24 2026] printk: console [tty0] enabled
[Fri Feb 20 21:50:24 2026] ACPI: Core revision 20210730
[Fri Feb 20 21:50:24 2026] clocksource: hpet: mask: 0xffffffff max_cycles: 0xffffffff, max_idle_ns: 133484873504 ns
[Fri Feb 20 21:50:24 2026] APIC: Switch to symmetric I/O mode setup
[Fri Feb 20 21:50:24 2026] Switched APIC routing to physical flat.
[Fri Feb 20 21:50:24 2026] ..TIMER: vector=0x30 apic1=0 pin1=2 apic2=-1 pin2=-1
[Fri Feb 20 21:50:24 2026] clocksource: tsc-early: mask: 0xffffffffffffffff max_cycles: 0x33e4a2883c7, max_idle_ns: 440795238509 ns
[Fri Feb 20 21:50:24 2026] Calibrating delay loop (skipped), value calculated using timer frequency.. 7200.16 BogoMIPS (lpj=14400336)
[Fri Feb 20 21:50:24 2026] Zenbleed: please update your microcode for the most optimal fix
[Fri Feb 20 21:50:24 2026] x86/cpu: User Mode Instruction Prevention (UMIP) activated
[Fri Feb 20 21:50:24 2026] LVT offset 1 assigned for vector 0xf9
[Fri Feb 20 21:50:24 2026] LVT offset 2 assigned for vector 0xf4
[Fri Feb 20 21:50:24 2026] Last level iTLB entries: 4KB 1024, 2MB 1024, 4MB 512
[Fri Feb 20 21:50:24 2026] Last level dTLB entries: 4KB 2048, 2MB 2048, 4MB 1024, 1GB 0
[Fri Feb 20 21:50:24 2026] Spectre V1 : Mitigation: usercopy/swapgs barriers and __user pointer sanitization
[Fri Feb 20 21:50:24 2026] Spectre V2 : Mitigation: Retpolines
[Fri Feb 20 21:50:24 2026] Spectre V2 : Spectre v2 / SpectreRSB: Filling RSB on context switch and VMEXIT
[Fri Feb 20 21:50:24 2026] Spectre V2 : Enabling Speculation Barrier for firmware calls
[Fri Feb 20 21:50:24 2026] active return thunk: retbleed_return_thunk
[Fri Feb 20 21:50:24 2026] RETBleed: Mitigation: untrained return thunk
[Fri Feb 20 21:50:24 2026] Spectre V2 : mitigation: Enabling conditional Indirect Branch Prediction Barrier
[Fri Feb 20 21:50:24 2026] Spectre V2 : Selecting STIBP always-on mode to complement retbleed mitigation
[Fri Feb 20 21:50:24 2026] Spectre V2 : User space: Mitigation: STIBP always-on protection
[Fri Feb 20 21:50:24 2026] Speculative Store Bypass: Mitigation: Speculative Store Bypass disabled via prctl and seccomp
[Fri Feb 20 21:50:24 2026] active return thunk: srso_return_thunk
[Fri Feb 20 21:50:24 2026] Speculative Return Stack Overflow: Mitigation: safe RET
[Fri Feb 20 21:50:24 2026] VMSCAPE: Mitigation: IBPB before exit to userspace
[Fri Feb 20 21:50:24 2026] x86/fpu: Supporting XSAVE feature 0x001: 'x87 floating point registers'
[Fri Feb 20 21:50:24 2026] x86/fpu: Supporting XSAVE feature 0x002: 'SSE registers'
[Fri Feb 20 21:50:24 2026] x86/fpu: Supporting XSAVE feature 0x004: 'AVX registers'
[Fri Feb 20 21:50:24 2026] x86/fpu: xstate_offset[2]:  576, xstate_sizes[2]:  256
[Fri Feb 20 21:50:24 2026] x86/fpu: Enabled xstate features 0x7, context size is 832 bytes, using 'standard' format.
[Fri Feb 20 21:50:24 2026] Freeing SMP alternatives memory: 44K
[Fri Feb 20 21:50:24 2026] pid_max: default: 32768 minimum: 301
[Fri Feb 20 21:50:24 2026] LSM: Security Framework initializing
[Fri Feb 20 21:50:24 2026] landlock: Up and running.
[Fri Feb 20 21:50:24 2026] Yama: becoming mindful.
[Fri Feb 20 21:50:24 2026] AppArmor: AppArmor initialized
[Fri Feb 20 21:50:24 2026] Mount-cache hash table entries: 32768 (order: 6, 262144 bytes, linear)
[Fri Feb 20 21:50:24 2026] Mountpoint-cache hash table entries: 32768 (order: 6, 262144 bytes, linear)
[Fri Feb 20 21:50:24 2026] smpboot: CPU0: AMD Ryzen 5 3600 6-Core Processor (family: 0x17, model: 0x71, stepping: 0x0)
[Fri Feb 20 21:50:24 2026] Performance Events: Fam17h+ core perfctr, AMD PMU driver.
[Fri Feb 20 21:50:24 2026] ... version:                0
[Fri Feb 20 21:50:24 2026] ... bit width:              48
[Fri Feb 20 21:50:24 2026] ... generic registers:      6
[Fri Feb 20 21:50:24 2026] ... value mask:             0000ffffffffffff
[Fri Feb 20 21:50:24 2026] ... max period:             00007fffffffffff
[Fri Feb 20 21:50:24 2026] ... fixed-purpose events:   0
[Fri Feb 20 21:50:24 2026] ... event mask:             000000000000003f
[Fri Feb 20 21:50:24 2026] signal: max sigframe size: 1776
[Fri Feb 20 21:50:24 2026] rcu: Hierarchical SRCU implementation.
[Fri Feb 20 21:50:24 2026] NMI watchdog: Enabled. Permanently consumes one hw-PMU counter.
[Fri Feb 20 21:50:24 2026] smp: Bringing up secondary CPUs ...
[Fri Feb 20 21:50:24 2026] x86: Booting SMP configuration:
[Fri Feb 20 21:50:24 2026] .... node  #0, CPUs:        #1
[Fri Feb 20 21:50:24 2026] __common_interrupt: 1.55 No irq handler for vector
[Fri Feb 20 21:50:24 2026]   #2
[Fri Feb 20 21:50:24 2026] __common_interrupt: 2.55 No irq handler for vector
[Fri Feb 20 21:50:24 2026]   #3
[Fri Feb 20 21:50:24 2026] __common_interrupt: 3.55 No irq handler for vector
[Fri Feb 20 21:50:24 2026]   #4
[Fri Feb 20 21:50:24 2026] __common_interrupt: 4.55 No irq handler for vector
[Fri Feb 20 21:50:24 2026]   #5
[Fri Feb 20 21:50:24 2026] __common_interrupt: 5.55 No irq handler for vector
[Fri Feb 20 21:50:24 2026]   #6
[Fri Feb 20 21:50:24 2026] __common_interrupt: 6.55 No irq handler for vector
[Fri Feb 20 21:50:24 2026] Spectre V2 : Update user space SMT mitigation: STIBP always-on
[Fri Feb 20 21:50:24 2026]   #7
[Fri Feb 20 21:50:24 2026] __common_interrupt: 7.55 No irq handler for vector
[Fri Feb 20 21:50:24 2026]   #8
[Fri Feb 20 21:50:24 2026] __common_interrupt: 8.55 No irq handler for vector
[Fri Feb 20 21:50:24 2026]   #9
[Fri Feb 20 21:50:24 2026] __common_interrupt: 9.55 No irq handler for vector
[Fri Feb 20 21:50:24 2026]  #10
[Fri Feb 20 21:50:24 2026] __common_interrupt: 10.55 No irq handler for vector
[Fri Feb 20 21:50:24 2026]  #11
[Fri Feb 20 21:50:24 2026] smp: Brought up 1 node, 12 CPUs
[Fri Feb 20 21:50:24 2026] smpboot: Max logical packages: 3
[Fri Feb 20 21:50:24 2026] smpboot: Total of 12 processors activated (86402.01 BogoMIPS)
[Fri Feb 20 21:50:24 2026] devtmpfs: initialized
[Fri Feb 20 21:50:24 2026] x86/mm: Memory block size: 128MB
[Fri Feb 20 21:50:24 2026] ACPI: PM: Registering ACPI NVS region [mem 0x0a200000-0x0a212fff] (77824 bytes)
[Fri Feb 20 21:50:24 2026] ACPI: PM: Registering ACPI NVS region [mem 0xcb70e000-0xcce0cfff] (24113152 bytes)
[Fri Feb 20 21:50:24 2026] clocksource: jiffies: mask: 0xffffffff max_cycles: 0xffffffff, max_idle_ns: 7645041785100000 ns
[Fri Feb 20 21:50:24 2026] futex hash table entries: 8192 (order: 7, 524288 bytes, linear)
[Fri Feb 20 21:50:24 2026] pinctrl core: initialized pinctrl subsystem
[Fri Feb 20 21:50:24 2026] PM: RTC time: 00:00:51, date: 2020-01-01
[Fri Feb 20 21:50:24 2026] NET: Registered PF_NETLINK/PF_ROUTE protocol family
[Fri Feb 20 21:50:24 2026] DMA: preallocated 2048 KiB GFP_KERNEL pool for atomic allocations
[Fri Feb 20 21:50:24 2026] DMA: preallocated 2048 KiB GFP_KERNEL|GFP_DMA pool for atomic allocations
[Fri Feb 20 21:50:24 2026] DMA: preallocated 2048 KiB GFP_KERNEL|GFP_DMA32 pool for atomic allocations
[Fri Feb 20 21:50:24 2026] audit: initializing netlink subsys (disabled)
[Fri Feb 20 21:50:24 2026] audit: type=2000 audit(1577836851.188:1): state=initialized audit_enabled=0 res=1
[Fri Feb 20 21:50:24 2026] thermal_sys: Registered thermal governor 'fair_share'
[Fri Feb 20 21:50:24 2026] thermal_sys: Registered thermal governor 'bang_bang'
[Fri Feb 20 21:50:24 2026] thermal_sys: Registered thermal governor 'step_wise'
[Fri Feb 20 21:50:24 2026] thermal_sys: Registered thermal governor 'user_space'
[Fri Feb 20 21:50:24 2026] thermal_sys: Registered thermal governor 'power_allocator'
[Fri Feb 20 21:50:24 2026] cpuidle: using governor ladder
[Fri Feb 20 21:50:24 2026] cpuidle: using governor menu
[Fri Feb 20 21:50:24 2026] Detected 1 PCC Subspaces
[Fri Feb 20 21:50:24 2026] Registering PCC driver as Mailbox controller
[Fri Feb 20 21:50:24 2026] ACPI: bus type PCI registered
[Fri Feb 20 21:50:24 2026] acpiphp: ACPI Hot Plug PCI Controller Driver version: 0.5
[Fri Feb 20 21:50:24 2026] PCI: MMCONFIG for domain 0000 [bus 00-7f] at [mem 0xf0000000-0xf7ffffff] (base 0xf0000000)
[Fri Feb 20 21:50:24 2026] PCI: MMCONFIG at [mem 0xf0000000-0xf7ffffff] reserved in E820
[Fri Feb 20 21:50:24 2026] PCI: Using configuration type 1 for base access
[Fri Feb 20 21:50:24 2026] kprobes: kprobe jump-optimization is enabled. All kprobes are optimized if possible.
[Fri Feb 20 21:50:24 2026] HugeTLB registered 1.00 GiB page size, pre-allocated 0 pages
[Fri Feb 20 21:50:24 2026] HugeTLB registered 2.00 MiB page size, pre-allocated 0 pages
[Fri Feb 20 21:50:24 2026] fbcon: Taking over console
[Fri Feb 20 21:50:24 2026] ACPI: Added _OSI(Module Device)
[Fri Feb 20 21:50:24 2026] ACPI: Added _OSI(Processor Device)
[Fri Feb 20 21:50:24 2026] ACPI: Added _OSI(Processor Aggregator Device)
[Fri Feb 20 21:50:24 2026] ACPI: Added _OSI(Linux-Dell-Video)
[Fri Feb 20 21:50:24 2026] ACPI: Added _OSI(Linux-Lenovo-NV-HDMI-Audio)
[Fri Feb 20 21:50:24 2026] ACPI: Added _OSI(Linux-HPI-Hybrid-Graphics)
[Fri Feb 20 21:50:24 2026] ACPI: 10 ACPI AML tables successfully acquired and loaded
[Fri Feb 20 21:50:24 2026] ACPI: [Firmware Bug]: BIOS _OSI(Linux) query ignored
[Fri Feb 20 21:50:24 2026] ACPI: Interpreter enabled
[Fri Feb 20 21:50:24 2026] ACPI: PM: (supports S0 S3 S4 S5)
[Fri Feb 20 21:50:24 2026] ACPI: Using IOAPIC for interrupt routing
[Fri Feb 20 21:50:24 2026] PCI: Using host bridge windows from ACPI; if necessary, use "pci=nocrs" and report a bug
[Fri Feb 20 21:50:24 2026] PCI: Using E820 reservations for host bridge windows
[Fri Feb 20 21:50:24 2026] ACPI: Enabled 5 GPEs in block 00 to 1F
[Fri Feb 20 21:50:24 2026] ACPI: PCI Root Bridge [PCI0] (domain 0000 [bus 00-ff])
[Fri Feb 20 21:50:24 2026] acpi PNP0A08:00: _OSC: OS supports [ExtendedConfig ASPM ClockPM Segments MSI EDR HPX-Type3]
[Fri Feb 20 21:50:24 2026] acpi PNP0A08:00: _OSC: platform does not support [SHPCHotplug PME LTR DPC]
[Fri Feb 20 21:50:24 2026] acpi PNP0A08:00: _OSC: OS now controls [PCIeHotplug AER PCIeCapability]
[Fri Feb 20 21:50:24 2026] acpi PNP0A08:00: [Firmware Info]: MMCONFIG for domain 0000 [bus 00-7f] only partially covers this bridge
[Fri Feb 20 21:50:24 2026] PCI host bridge to bus 0000:00
[Fri Feb 20 21:50:24 2026] pci_bus 0000:00: root bus resource [io  0x0000-0x03af window]
[Fri Feb 20 21:50:24 2026] pci_bus 0000:00: root bus resource [io  0x03e0-0x0cf7 window]
[Fri Feb 20 21:50:24 2026] pci_bus 0000:00: root bus resource [io  0x03b0-0x03df window]
[Fri Feb 20 21:50:24 2026] pci_bus 0000:00: root bus resource [io  0x0d00-0xffff window]
[Fri Feb 20 21:50:24 2026] pci_bus 0000:00: root bus resource [mem 0x000a0000-0x000dffff window]
[Fri Feb 20 21:50:24 2026] pci_bus 0000:00: root bus resource [mem 0xd0000000-0xfec2ffff window]
[Fri Feb 20 21:50:24 2026] pci_bus 0000:00: root bus resource [mem 0xfee00000-0xffffffff window]
[Fri Feb 20 21:50:24 2026] pci_bus 0000:00: root bus resource [bus 00-ff]
[Fri Feb 20 21:50:24 2026] pci 0000:00:00.0: [1022:1480] type 00 class 0x060000
[Fri Feb 20 21:50:24 2026] pci 0000:00:00.2: [1022:1481] type 00 class 0x080600
[Fri Feb 20 21:50:24 2026] pci 0000:00:01.0: [1022:1482] type 00 class 0x060000
[Fri Feb 20 21:50:24 2026] pci 0000:00:01.1: [1022:1483] type 01 class 0x060400
[Fri Feb 20 21:50:24 2026] pci 0000:00:01.1: enabling Extended Tags
[Fri Feb 20 21:50:24 2026] pci 0000:00:01.1: PME# supported from D0 D3hot D3cold
[Fri Feb 20 21:50:24 2026] pci 0000:00:01.2: [1022:1483] type 01 class 0x060400
[Fri Feb 20 21:50:24 2026] pci 0000:00:01.2: enabling Extended Tags
[Fri Feb 20 21:50:24 2026] pci 0000:00:01.2: PME# supported from D0 D3hot D3cold
[Fri Feb 20 21:50:24 2026] pci 0000:00:02.0: [1022:1482] type 00 class 0x060000
[Fri Feb 20 21:50:24 2026] pci 0000:00:03.0: [1022:1482] type 00 class 0x060000
[Fri Feb 20 21:50:24 2026] pci 0000:00:03.1: [1022:1483] type 01 class 0x060400
[Fri Feb 20 21:50:24 2026] pci 0000:00:03.1: PME# supported from D0 D3hot D3cold
[Fri Feb 20 21:50:24 2026] pci 0000:00:04.0: [1022:1482] type 00 class 0x060000
[Fri Feb 20 21:50:24 2026] pci 0000:00:05.0: [1022:1482] type 00 class 0x060000
[Fri Feb 20 21:50:24 2026] pci 0000:00:07.0: [1022:1482] type 00 class 0x060000
[Fri Feb 20 21:50:24 2026] pci 0000:00:07.1: [1022:1484] type 01 class 0x060400
[Fri Feb 20 21:50:24 2026] pci 0000:00:07.1: enabling Extended Tags
[Fri Feb 20 21:50:24 2026] pci 0000:00:07.1: PME# supported from D0 D3hot D3cold
[Fri Feb 20 21:50:24 2026] pci 0000:00:08.0: [1022:1482] type 00 class 0x060000
[Fri Feb 20 21:50:24 2026] pci 0000:00:08.1: [1022:1484] type 01 class 0x060400
[Fri Feb 20 21:50:24 2026] pci 0000:00:08.1: enabling Extended Tags
[Fri Feb 20 21:50:24 2026] pci 0000:00:08.1: PME# supported from D0 D3hot D3cold
[Fri Feb 20 21:50:24 2026] pci 0000:00:14.0: [1022:790b] type 00 class 0x0c0500
[Fri Feb 20 21:50:24 2026] pci 0000:00:14.3: [1022:790e] type 00 class 0x060100
[Fri Feb 20 21:50:24 2026] pci 0000:00:18.0: [1022:1440] type 00 class 0x060000
[Fri Feb 20 21:50:24 2026] pci 0000:00:18.1: [1022:1441] type 00 class 0x060000
[Fri Feb 20 21:50:24 2026] pci 0000:00:18.2: [1022:1442] type 00 class 0x060000
[Fri Feb 20 21:50:24 2026] pci 0000:00:18.3: [1022:1443] type 00 class 0x060000
[Fri Feb 20 21:50:24 2026] pci 0000:00:18.4: [1022:1444] type 00 class 0x060000
[Fri Feb 20 21:50:24 2026] pci 0000:00:18.5: [1022:1445] type 00 class 0x060000
[Fri Feb 20 21:50:24 2026] pci 0000:00:18.6: [1022:1446] type 00 class 0x060000
[Fri Feb 20 21:50:24 2026] pci 0000:00:18.7: [1022:1447] type 00 class 0x060000
[Fri Feb 20 21:50:24 2026] pci 0000:01:00.0: [144d:a808] type 00 class 0x010802
[Fri Feb 20 21:50:24 2026] pci 0000:01:00.0: reg 0x10: [mem 0xfc800000-0xfc803fff 64bit]
[Fri Feb 20 21:50:24 2026] pci 0000:00:01.1: PCI bridge to [bus 01]
[Fri Feb 20 21:50:24 2026] pci 0000:00:01.1:   bridge window [mem 0xfc800000-0xfc8fffff]
[Fri Feb 20 21:50:24 2026] pci 0000:02:00.0: [1022:43ee] type 00 class 0x0c0330
[Fri Feb 20 21:50:24 2026] pci 0000:02:00.0: reg 0x10: [mem 0xfc7a0000-0xfc7a7fff 64bit]
[Fri Feb 20 21:50:24 2026] pci 0000:02:00.0: enabling Extended Tags
[Fri Feb 20 21:50:24 2026] pci 0000:02:00.0: PME# supported from D3hot D3cold
[Fri Feb 20 21:50:24 2026] pci 0000:02:00.1: [1022:43eb] type 00 class 0x010601
[Fri Feb 20 21:50:24 2026] pci 0000:02:00.1: reg 0x24: [mem 0xfc780000-0xfc79ffff]
[Fri Feb 20 21:50:24 2026] pci 0000:02:00.1: reg 0x30: [mem 0xfc700000-0xfc77ffff pref]
[Fri Feb 20 21:50:24 2026] pci 0000:02:00.1: enabling Extended Tags
[Fri Feb 20 21:50:24 2026] pci 0000:02:00.1: PME# supported from D3hot D3cold
[Fri Feb 20 21:50:24 2026] pci 0000:02:00.2: [1022:43e9] type 01 class 0x060400
[Fri Feb 20 21:50:24 2026] pci 0000:02:00.2: enabling Extended Tags
[Fri Feb 20 21:50:24 2026] pci 0000:02:00.2: PME# supported from D3hot D3cold
[Fri Feb 20 21:50:24 2026] pci 0000:00:01.2: PCI bridge to [bus 02-2a]
[Fri Feb 20 21:50:24 2026] pci 0000:00:01.2:   bridge window [io  0xf000-0xffff]
[Fri Feb 20 21:50:24 2026] pci 0000:00:01.2:   bridge window [mem 0xfc500000-0xfc7fffff]
[Fri Feb 20 21:50:24 2026] pci 0000:20:00.0: [1022:43ea] type 01 class 0x060400
[Fri Feb 20 21:50:24 2026] pci 0000:20:00.0: enabling Extended Tags
[Fri Feb 20 21:50:24 2026] pci 0000:20:00.0: PME# supported from D3hot D3cold
[Fri Feb 20 21:50:24 2026] pci 0000:20:06.0: [1022:43ea] type 01 class 0x060400
[Fri Feb 20 21:50:24 2026] pci 0000:20:06.0: enabling Extended Tags
[Fri Feb 20 21:50:24 2026] pci 0000:20:06.0: PME# supported from D3hot D3cold
[Fri Feb 20 21:50:24 2026] pci 0000:20:07.0: [1022:43ea] type 01 class 0x060400
[Fri Feb 20 21:50:24 2026] pci 0000:20:07.0: enabling Extended Tags
[Fri Feb 20 21:50:24 2026] pci 0000:20:07.0: PME# supported from D3hot D3cold
[Fri Feb 20 21:50:24 2026] pci 0000:20:08.0: [1022:43ea] type 01 class 0x060400
[Fri Feb 20 21:50:24 2026] pci 0000:20:08.0: enabling Extended Tags
[Fri Feb 20 21:50:24 2026] pci 0000:20:08.0: PME# supported from D3hot D3cold
[Fri Feb 20 21:50:24 2026] pci 0000:20:09.0: [1022:43ea] type 01 class 0x060400
[Fri Feb 20 21:50:24 2026] pci 0000:20:09.0: enabling Extended Tags
[Fri Feb 20 21:50:24 2026] pci 0000:20:09.0: PME# supported from D3hot D3cold
[Fri Feb 20 21:50:24 2026] pci 0000:02:00.2: PCI bridge to [bus 20-2a]
[Fri Feb 20 21:50:24 2026] pci 0000:02:00.2:   bridge window [io  0xf000-0xffff]
[Fri Feb 20 21:50:24 2026] pci 0000:02:00.2:   bridge window [mem 0xfc500000-0xfc6fffff]
[Fri Feb 20 21:50:24 2026] pci 0000:20:00.0: PCI bridge to [bus 21]
[Fri Feb 20 21:50:24 2026] pci 0000:20:06.0: PCI bridge to [bus 27]
[Fri Feb 20 21:50:24 2026] pci 0000:20:07.0: PCI bridge to [bus 28]
[Fri Feb 20 21:50:24 2026] pci 0000:29:00.0: [8086:2723] type 00 class 0x028000
[Fri Feb 20 21:50:24 2026] pci 0000:29:00.0: reg 0x10: [mem 0xfc600000-0xfc603fff 64bit]
[Fri Feb 20 21:50:24 2026] pci 0000:29:00.0: PME# supported from D0 D3hot D3cold
[Fri Feb 20 21:50:24 2026] pci 0000:20:08.0: PCI bridge to [bus 29]
[Fri Feb 20 21:50:24 2026] pci 0000:20:08.0:   bridge window [mem 0xfc600000-0xfc6fffff]
[Fri Feb 20 21:50:24 2026] pci 0000:2a:00.0: [10ec:8168] type 00 class 0x020000
[Fri Feb 20 21:50:24 2026] pci 0000:2a:00.0: reg 0x10: [io  0xf000-0xf0ff]
[Fri Feb 20 21:50:24 2026] pci 0000:2a:00.0: reg 0x18: [mem 0xfc504000-0xfc504fff 64bit]
[Fri Feb 20 21:50:24 2026] pci 0000:2a:00.0: reg 0x20: [mem 0xfc500000-0xfc503fff 64bit]
[Fri Feb 20 21:50:24 2026] pci 0000:2a:00.0: supports D1 D2
[Fri Feb 20 21:50:24 2026] pci 0000:2a:00.0: PME# supported from D0 D1 D2 D3hot D3cold
[Fri Feb 20 21:50:24 2026] pci 0000:20:09.0: PCI bridge to [bus 2a]
[Fri Feb 20 21:50:24 2026] pci 0000:20:09.0:   bridge window [io  0xf000-0xffff]
[Fri Feb 20 21:50:24 2026] pci 0000:20:09.0:   bridge window [mem 0xfc500000-0xfc5fffff]
[Fri Feb 20 21:50:24 2026] pci 0000:2b:00.0: [10de:1e30] type 00 class 0x030000
[Fri Feb 20 21:50:24 2026] pci 0000:2b:00.0: reg 0x10: [mem 0xfb000000-0xfbffffff]
[Fri Feb 20 21:50:24 2026] pci 0000:2b:00.0: reg 0x14: [mem 0xd0000000-0xdfffffff 64bit pref]
[Fri Feb 20 21:50:24 2026] pci 0000:2b:00.0: reg 0x1c: [mem 0xe0000000-0xe1ffffff 64bit pref]
[Fri Feb 20 21:50:24 2026] pci 0000:2b:00.0: reg 0x24: [io  0xe000-0xe07f]
[Fri Feb 20 21:50:24 2026] pci 0000:2b:00.0: reg 0x30: [mem 0xfc000000-0xfc07ffff pref]
[Fri Feb 20 21:50:24 2026] pci 0000:2b:00.0: BAR 1: assigned to efifb
[Fri Feb 20 21:50:24 2026] pci 0000:2b:00.0: PME# supported from D0 D3hot D3cold
[Fri Feb 20 21:50:24 2026] pci 0000:2b:00.0: 32.000 Gb/s available PCIe bandwidth, limited by 2.5 GT/s PCIe x16 link at 0000:00:03.1 (capable of 126.016 Gb/s with 8.0 GT/s PCIe x16 link)
[Fri Feb 20 21:50:24 2026] pci 0000:2b:00.1: [10de:10f7] type 00 class 0x040300
[Fri Feb 20 21:50:24 2026] pci 0000:2b:00.1: reg 0x10: [mem 0xfc080000-0xfc083fff]
[Fri Feb 20 21:50:24 2026] pci 0000:2b:00.2: [10de:1ad6] type 00 class 0x0c0330
[Fri Feb 20 21:50:24 2026] pci 0000:2b:00.2: reg 0x10: [mem 0xe2000000-0xe203ffff 64bit pref]
[Fri Feb 20 21:50:24 2026] pci 0000:2b:00.2: reg 0x1c: [mem 0xe2040000-0xe204ffff 64bit pref]
[Fri Feb 20 21:50:24 2026] pci 0000:2b:00.2: PME# supported from D0 D3hot D3cold
[Fri Feb 20 21:50:24 2026] pci 0000:2b:00.3: [10de:1ad7] type 00 class 0x0c8000
[Fri Feb 20 21:50:24 2026] pci 0000:2b:00.3: reg 0x10: [mem 0xfc084000-0xfc084fff]
[Fri Feb 20 21:50:24 2026] pci 0000:2b:00.3: PME# supported from D0 D3hot D3cold
[Fri Feb 20 21:50:24 2026] pci 0000:00:03.1: PCI bridge to [bus 2b]
[Fri Feb 20 21:50:24 2026] pci 0000:00:03.1:   bridge window [io  0xe000-0xefff]
[Fri Feb 20 21:50:24 2026] pci 0000:00:03.1:   bridge window [mem 0xfb000000-0xfc0fffff]
[Fri Feb 20 21:50:24 2026] pci 0000:00:03.1:   bridge window [mem 0xd0000000-0xe20fffff 64bit pref]
[Fri Feb 20 21:50:24 2026] pci 0000:2c:00.0: [1022:148a] type 00 class 0x130000
[Fri Feb 20 21:50:24 2026] pci 0000:2c:00.0: enabling Extended Tags
[Fri Feb 20 21:50:24 2026] pci 0000:00:07.1: PCI bridge to [bus 2c]
[Fri Feb 20 21:50:24 2026] pci 0000:2d:00.0: [1022:1485] type 00 class 0x130000
[Fri Feb 20 21:50:24 2026] pci 0000:2d:00.0: enabling Extended Tags
[Fri Feb 20 21:50:24 2026] pci 0000:2d:00.1: [1022:1486] type 00 class 0x108000
[Fri Feb 20 21:50:24 2026] pci 0000:2d:00.1: reg 0x18: [mem 0xfc300000-0xfc3fffff]
[Fri Feb 20 21:50:24 2026] pci 0000:2d:00.1: reg 0x24: [mem 0xfc408000-0xfc409fff]
[Fri Feb 20 21:50:24 2026] pci 0000:2d:00.1: enabling Extended Tags
[Fri Feb 20 21:50:24 2026] pci 0000:2d:00.3: [1022:149c] type 00 class 0x0c0330
[Fri Feb 20 21:50:24 2026] pci 0000:2d:00.3: reg 0x10: [mem 0xfc200000-0xfc2fffff 64bit]
[Fri Feb 20 21:50:24 2026] pci 0000:2d:00.3: enabling Extended Tags
[Fri Feb 20 21:50:24 2026] pci 0000:2d:00.3: PME# supported from D0 D3hot D3cold
[Fri Feb 20 21:50:24 2026] pci 0000:2d:00.4: [1022:1487] type 00 class 0x040300
[Fri Feb 20 21:50:24 2026] pci 0000:2d:00.4: reg 0x10: [mem 0xfc400000-0xfc407fff]
[Fri Feb 20 21:50:24 2026] pci 0000:2d:00.4: enabling Extended Tags
[Fri Feb 20 21:50:24 2026] pci 0000:2d:00.4: PME# supported from D0 D3hot D3cold
[Fri Feb 20 21:50:24 2026] pci 0000:00:08.1: PCI bridge to [bus 2d]
[Fri Feb 20 21:50:24 2026] pci 0000:00:08.1:   bridge window [mem 0xfc200000-0xfc4fffff]
[Fri Feb 20 21:50:24 2026] ACPI: PCI: Interrupt link LNKA configured for IRQ 0
[Fri Feb 20 21:50:24 2026] ACPI: PCI: Interrupt link LNKB configured for IRQ 0
[Fri Feb 20 21:50:24 2026] ACPI: PCI: Interrupt link LNKC configured for IRQ 0
[Fri Feb 20 21:50:24 2026] ACPI: PCI: Interrupt link LNKD configured for IRQ 0
[Fri Feb 20 21:50:24 2026] ACPI: PCI: Interrupt link LNKE configured for IRQ 0
[Fri Feb 20 21:50:24 2026] ACPI: PCI: Interrupt link LNKF configured for IRQ 0
[Fri Feb 20 21:50:24 2026] ACPI: PCI: Interrupt link LNKG configured for IRQ 0
[Fri Feb 20 21:50:24 2026] ACPI: PCI: Interrupt link LNKH configured for IRQ 0
[Fri Feb 20 21:50:24 2026] iommu: Default domain type: Translated 
[Fri Feb 20 21:50:24 2026] iommu: DMA domain TLB invalidation policy: lazy mode 
[Fri Feb 20 21:50:24 2026] SCSI subsystem initialized
[Fri Feb 20 21:50:24 2026] libata version 3.00 loaded.
[Fri Feb 20 21:50:24 2026] pci 0000:2b:00.0: vgaarb: VGA device added: decodes=io+mem,owns=none,locks=none
[Fri Feb 20 21:50:24 2026] pci 0000:2b:00.0: vgaarb: bridge control possible
[Fri Feb 20 21:50:24 2026] pci 0000:2b:00.0: vgaarb: setting as boot device
[Fri Feb 20 21:50:24 2026] vgaarb: loaded
[Fri Feb 20 21:50:24 2026] ACPI: bus type USB registered
[Fri Feb 20 21:50:24 2026] usbcore: registered new interface driver usbfs
[Fri Feb 20 21:50:24 2026] usbcore: registered new interface driver hub
[Fri Feb 20 21:50:24 2026] usbcore: registered new device driver usb
[Fri Feb 20 21:50:24 2026] pps_core: LinuxPPS API ver. 1 registered
[Fri Feb 20 21:50:24 2026] pps_core: Software ver. 5.3.6 - Copyright 2005-2007 Rodolfo Giometti <giometti@linux.it>
[Fri Feb 20 21:50:24 2026] PTP clock support registered
[Fri Feb 20 21:50:24 2026] EDAC MC: Ver: 3.0.0
[Fri Feb 20 21:50:24 2026] Registered efivars operations
[Fri Feb 20 21:50:24 2026] NetLabel: Initializing
[Fri Feb 20 21:50:24 2026] NetLabel:  domain hash size = 128
[Fri Feb 20 21:50:24 2026] NetLabel:  protocols = UNLABELED CIPSOv4 CALIPSO
[Fri Feb 20 21:50:24 2026] NetLabel:  unlabeled traffic allowed by default
[Fri Feb 20 21:50:24 2026] PCI: Using ACPI for IRQ routing
[Fri Feb 20 21:50:24 2026] PCI: pci_cache_line_size set to 64 bytes
[Fri Feb 20 21:50:24 2026] e820: reserve RAM buffer [mem 0x09e02000-0x0bffffff]
[Fri Feb 20 21:50:24 2026] e820: reserve RAM buffer [mem 0x0a200000-0x0bffffff]
[Fri Feb 20 21:50:24 2026] e820: reserve RAM buffer [mem 0x0b000000-0x0bffffff]
[Fri Feb 20 21:50:24 2026] e820: reserve RAM buffer [mem 0xc70a3018-0xc7ffffff]
[Fri Feb 20 21:50:24 2026] e820: reserve RAM buffer [mem 0xc70c5018-0xc7ffffff]
[Fri Feb 20 21:50:24 2026] e820: reserve RAM buffer [mem 0xc715a000-0xc7ffffff]
[Fri Feb 20 21:50:24 2026] e820: reserve RAM buffer [mem 0xcb34d000-0xcbffffff]
[Fri Feb 20 21:50:24 2026] e820: reserve RAM buffer [mem 0xcf000000-0xcfffffff]
[Fri Feb 20 21:50:24 2026] e820: reserve RAM buffer [mem 0x42f380000-0x42fffffff]
[Fri Feb 20 21:50:24 2026] hpet0: at MMIO 0xfed00000, IRQs 2, 8, 0
[Fri Feb 20 21:50:24 2026] hpet0: 3 comparators, 32-bit 14.318180 MHz counter
[Fri Feb 20 21:50:24 2026] clocksource: Switched to clocksource tsc-early
[Fri Feb 20 21:50:24 2026] VFS: Disk quotas dquot_6.6.0
[Fri Feb 20 21:50:24 2026] VFS: Dquot-cache hash table entries: 512 (order 0, 4096 bytes)
[Fri Feb 20 21:50:24 2026] AppArmor: AppArmor Filesystem Enabled
[Fri Feb 20 21:50:24 2026] pnp: PnP ACPI init
[Fri Feb 20 21:50:24 2026] system 00:00: [mem 0xf0000000-0xf7ffffff] has been reserved
[Fri Feb 20 21:50:24 2026] system 00:01: [mem 0xfd200000-0xfd2fffff] has been reserved
[Fri Feb 20 21:50:24 2026] system 00:03: [io  0x0a00-0x0a0f] has been reserved
[Fri Feb 20 21:50:24 2026] system 00:03: [io  0x0a10-0x0a1f] has been reserved
[Fri Feb 20 21:50:24 2026] system 00:03: [io  0x0a20-0x0a2f] has been reserved
[Fri Feb 20 21:50:24 2026] pnp 00:04: [dma 0 disabled]
[Fri Feb 20 21:50:24 2026] system 00:05: [io  0x04d0-0x04d1] has been reserved
[Fri Feb 20 21:50:24 2026] system 00:05: [io  0x040b] has been reserved
[Fri Feb 20 21:50:24 2026] system 00:05: [io  0x04d6] has been reserved
[Fri Feb 20 21:50:24 2026] system 00:05: [io  0x0c00-0x0c01] has been reserved
[Fri Feb 20 21:50:24 2026] system 00:05: [io  0x0c14] has been reserved
[Fri Feb 20 21:50:24 2026] system 00:05: [io  0x0c50-0x0c51] has been reserved
[Fri Feb 20 21:50:24 2026] system 00:05: [io  0x0c52] has been reserved
[Fri Feb 20 21:50:24 2026] system 00:05: [io  0x0c6c] has been reserved
[Fri Feb 20 21:50:24 2026] system 00:05: [io  0x0c6f] has been reserved
[Fri Feb 20 21:50:24 2026] system 00:05: [io  0x0cd0-0x0cd1] has been reserved
[Fri Feb 20 21:50:24 2026] system 00:05: [io  0x0cd2-0x0cd3] has been reserved
[Fri Feb 20 21:50:24 2026] system 00:05: [io  0x0cd4-0x0cd5] has been reserved
[Fri Feb 20 21:50:24 2026] system 00:05: [io  0x0cd6-0x0cd7] has been reserved
[Fri Feb 20 21:50:24 2026] system 00:05: [io  0x0cd8-0x0cdf] has been reserved
[Fri Feb 20 21:50:24 2026] system 00:05: [io  0x0800-0x089f] has been reserved
[Fri Feb 20 21:50:24 2026] system 00:05: [io  0x0b00-0x0b0f] has been reserved
[Fri Feb 20 21:50:24 2026] system 00:05: [io  0x0b20-0x0b3f] has been reserved
[Fri Feb 20 21:50:24 2026] system 00:05: [io  0x0900-0x090f] has been reserved
[Fri Feb 20 21:50:24 2026] system 00:05: [io  0x0910-0x091f] has been reserved
[Fri Feb 20 21:50:24 2026] system 00:05: [mem 0xfec00000-0xfec00fff] could not be reserved
[Fri Feb 20 21:50:24 2026] system 00:05: [mem 0xfec01000-0xfec01fff] could not be reserved
[Fri Feb 20 21:50:24 2026] system 00:05: [mem 0xfedc0000-0xfedc0fff] has been reserved
[Fri Feb 20 21:50:24 2026] system 00:05: [mem 0xfee00000-0xfee00fff] has been reserved
[Fri Feb 20 21:50:24 2026] system 00:05: [mem 0xfed80000-0xfed8ffff] could not be reserved
[Fri Feb 20 21:50:24 2026] system 00:05: [mem 0xfec10000-0xfec10fff] has been reserved
[Fri Feb 20 21:50:24 2026] system 00:05: [mem 0xff000000-0xffffffff] has been reserved
[Fri Feb 20 21:50:24 2026] pnp: PnP ACPI: found 6 devices
[Fri Feb 20 21:50:24 2026] clocksource: acpi_pm: mask: 0xffffff max_cycles: 0xffffff, max_idle_ns: 2085701024 ns
[Fri Feb 20 21:50:24 2026] NET: Registered PF_INET protocol family
[Fri Feb 20 21:50:24 2026] IP idents hash table entries: 262144 (order: 9, 2097152 bytes, linear)
[Fri Feb 20 21:50:24 2026] tcp_listen_portaddr_hash hash table entries: 8192 (order: 5, 131072 bytes, linear)
[Fri Feb 20 21:50:24 2026] Table-perturb hash table entries: 65536 (order: 6, 262144 bytes, linear)
[Fri Feb 20 21:50:24 2026] TCP established hash table entries: 131072 (order: 8, 1048576 bytes, linear)
[Fri Feb 20 21:50:24 2026] TCP bind hash table entries: 65536 (order: 8, 1048576 bytes, linear)
[Fri Feb 20 21:50:24 2026] TCP: Hash tables configured (established 131072 bind 65536)
[Fri Feb 20 21:50:24 2026] MPTCP token hash table entries: 16384 (order: 6, 393216 bytes, linear)
[Fri Feb 20 21:50:24 2026] UDP hash table entries: 8192 (order: 6, 262144 bytes, linear)
[Fri Feb 20 21:50:24 2026] UDP-Lite hash table entries: 8192 (order: 6, 262144 bytes, linear)
[Fri Feb 20 21:50:24 2026] NET: Registered PF_UNIX/PF_LOCAL protocol family
[Fri Feb 20 21:50:24 2026] NET: Registered PF_XDP protocol family
[Fri Feb 20 21:50:24 2026] pci 0000:00:01.1: PCI bridge to [bus 01]
[Fri Feb 20 21:50:24 2026] pci 0000:00:01.1:   bridge window [mem 0xfc800000-0xfc8fffff]
[Fri Feb 20 21:50:24 2026] pci 0000:20:00.0: PCI bridge to [bus 21]
[Fri Feb 20 21:50:24 2026] pci 0000:20:06.0: PCI bridge to [bus 27]
[Fri Feb 20 21:50:24 2026] pci 0000:20:07.0: PCI bridge to [bus 28]
[Fri Feb 20 21:50:24 2026] pci 0000:20:08.0: PCI bridge to [bus 29]
[Fri Feb 20 21:50:24 2026] pci 0000:20:08.0:   bridge window [mem 0xfc600000-0xfc6fffff]
[Fri Feb 20 21:50:24 2026] pci 0000:20:09.0: PCI bridge to [bus 2a]
[Fri Feb 20 21:50:24 2026] pci 0000:20:09.0:   bridge window [io  0xf000-0xffff]
[Fri Feb 20 21:50:24 2026] pci 0000:20:09.0:   bridge window [mem 0xfc500000-0xfc5fffff]
[Fri Feb 20 21:50:24 2026] pci 0000:02:00.2: PCI bridge to [bus 20-2a]
[Fri Feb 20 21:50:24 2026] pci 0000:02:00.2:   bridge window [io  0xf000-0xffff]
[Fri Feb 20 21:50:24 2026] pci 0000:02:00.2:   bridge window [mem 0xfc500000-0xfc6fffff]
[Fri Feb 20 21:50:24 2026] pci 0000:00:01.2: PCI bridge to [bus 02-2a]
[Fri Feb 20 21:50:24 2026] pci 0000:00:01.2:   bridge window [io  0xf000-0xffff]
[Fri Feb 20 21:50:24 2026] pci 0000:00:01.2:   bridge window [mem 0xfc500000-0xfc7fffff]
[Fri Feb 20 21:50:24 2026] pci 0000:00:03.1: PCI bridge to [bus 2b]
[Fri Feb 20 21:50:24 2026] pci 0000:00:03.1:   bridge window [io  0xe000-0xefff]
[Fri Feb 20 21:50:24 2026] pci 0000:00:03.1:   bridge window [mem 0xfb000000-0xfc0fffff]
[Fri Feb 20 21:50:24 2026] pci 0000:00:03.1:   bridge window [mem 0xd0000000-0xe20fffff 64bit pref]
[Fri Feb 20 21:50:24 2026] pci 0000:00:07.1: PCI bridge to [bus 2c]
[Fri Feb 20 21:50:24 2026] pci 0000:00:08.1: PCI bridge to [bus 2d]
[Fri Feb 20 21:50:24 2026] pci 0000:00:08.1:   bridge window [mem 0xfc200000-0xfc4fffff]
[Fri Feb 20 21:50:24 2026] pci_bus 0000:00: resource 4 [io  0x0000-0x03af window]
[Fri Feb 20 21:50:24 2026] pci_bus 0000:00: resource 5 [io  0x03e0-0x0cf7 window]
[Fri Feb 20 21:50:24 2026] pci_bus 0000:00: resource 6 [io  0x03b0-0x03df window]
[Fri Feb 20 21:50:24 2026] pci_bus 0000:00: resource 7 [io  0x0d00-0xffff window]
[Fri Feb 20 21:50:24 2026] pci_bus 0000:00: resource 8 [mem 0x000a0000-0x000dffff window]
[Fri Feb 20 21:50:24 2026] pci_bus 0000:00: resource 9 [mem 0xd0000000-0xfec2ffff window]
[Fri Feb 20 21:50:24 2026] pci_bus 0000:00: resource 10 [mem 0xfee00000-0xffffffff window]
[Fri Feb 20 21:50:24 2026] pci_bus 0000:01: resource 1 [mem 0xfc800000-0xfc8fffff]
[Fri Feb 20 21:50:24 2026] pci_bus 0000:02: resource 0 [io  0xf000-0xffff]
[Fri Feb 20 21:50:24 2026] pci_bus 0000:02: resource 1 [mem 0xfc500000-0xfc7fffff]
[Fri Feb 20 21:50:24 2026] pci_bus 0000:20: resource 0 [io  0xf000-0xffff]
[Fri Feb 20 21:50:24 2026] pci_bus 0000:20: resource 1 [mem 0xfc500000-0xfc6fffff]
[Fri Feb 20 21:50:24 2026] pci_bus 0000:29: resource 1 [mem 0xfc600000-0xfc6fffff]
[Fri Feb 20 21:50:24 2026] pci_bus 0000:2a: resource 0 [io  0xf000-0xffff]
[Fri Feb 20 21:50:24 2026] pci_bus 0000:2a: resource 1 [mem 0xfc500000-0xfc5fffff]
[Fri Feb 20 21:50:24 2026] pci_bus 0000:2b: resource 0 [io  0xe000-0xefff]
[Fri Feb 20 21:50:24 2026] pci_bus 0000:2b: resource 1 [mem 0xfb000000-0xfc0fffff]
[Fri Feb 20 21:50:24 2026] pci_bus 0000:2b: resource 2 [mem 0xd0000000-0xe20fffff 64bit pref]
[Fri Feb 20 21:50:24 2026] pci_bus 0000:2d: resource 1 [mem 0xfc200000-0xfc4fffff]
[Fri Feb 20 21:50:24 2026] pci 0000:2b:00.1: D0 power state depends on 0000:2b:00.0
[Fri Feb 20 21:50:24 2026] pci 0000:2b:00.2: D0 power state depends on 0000:2b:00.0
[Fri Feb 20 21:50:24 2026] pci 0000:2b:00.3: D0 power state depends on 0000:2b:00.0
[Fri Feb 20 21:50:24 2026] PCI: CLS 64 bytes, default 64
[Fri Feb 20 21:50:24 2026] pci 0000:00:00.2: AMD-Vi: IOMMU performance counters supported
[Fri Feb 20 21:50:24 2026] pci 0000:00:01.0: Adding to iommu group 0
[Fri Feb 20 21:50:24 2026] Trying to unpack rootfs image as initramfs...
[Fri Feb 20 21:50:24 2026] pci 0000:00:01.1: Adding to iommu group 1
[Fri Feb 20 21:50:24 2026] pci 0000:00:01.2: Adding to iommu group 2
[Fri Feb 20 21:50:24 2026] pci 0000:00:02.0: Adding to iommu group 3
[Fri Feb 20 21:50:24 2026] pci 0000:00:03.0: Adding to iommu group 4
[Fri Feb 20 21:50:24 2026] pci 0000:00:03.1: Adding to iommu group 5
[Fri Feb 20 21:50:24 2026] pci 0000:00:04.0: Adding to iommu group 6
[Fri Feb 20 21:50:24 2026] pci 0000:00:05.0: Adding to iommu group 7
[Fri Feb 20 21:50:24 2026] pci 0000:00:07.0: Adding to iommu group 8
[Fri Feb 20 21:50:24 2026] pci 0000:00:07.1: Adding to iommu group 9
[Fri Feb 20 21:50:24 2026] pci 0000:00:08.0: Adding to iommu group 10
[Fri Feb 20 21:50:24 2026] pci 0000:00:08.1: Adding to iommu group 11
[Fri Feb 20 21:50:24 2026] pci 0000:00:14.0: Adding to iommu group 12
[Fri Feb 20 21:50:24 2026] pci 0000:00:14.3: Adding to iommu group 12
[Fri Feb 20 21:50:24 2026] pci 0000:00:18.0: Adding to iommu group 13
[Fri Feb 20 21:50:24 2026] pci 0000:00:18.1: Adding to iommu group 13
[Fri Feb 20 21:50:24 2026] pci 0000:00:18.2: Adding to iommu group 13
[Fri Feb 20 21:50:24 2026] pci 0000:00:18.3: Adding to iommu group 13
[Fri Feb 20 21:50:24 2026] pci 0000:00:18.4: Adding to iommu group 13
[Fri Feb 20 21:50:24 2026] pci 0000:00:18.5: Adding to iommu group 13
[Fri Feb 20 21:50:24 2026] pci 0000:00:18.6: Adding to iommu group 13
[Fri Feb 20 21:50:24 2026] pci 0000:00:18.7: Adding to iommu group 13
[Fri Feb 20 21:50:24 2026] pci 0000:01:00.0: Adding to iommu group 14
[Fri Feb 20 21:50:24 2026] pci 0000:02:00.0: Adding to iommu group 15
[Fri Feb 20 21:50:24 2026] pci 0000:02:00.1: Adding to iommu group 15
[Fri Feb 20 21:50:24 2026] pci 0000:02:00.2: Adding to iommu group 15
[Fri Feb 20 21:50:24 2026] pci 0000:20:00.0: Adding to iommu group 15
[Fri Feb 20 21:50:24 2026] pci 0000:20:06.0: Adding to iommu group 15
[Fri Feb 20 21:50:24 2026] pci 0000:20:07.0: Adding to iommu group 15
[Fri Feb 20 21:50:24 2026] pci 0000:20:08.0: Adding to iommu group 15
[Fri Feb 20 21:50:24 2026] pci 0000:20:09.0: Adding to iommu group 15
[Fri Feb 20 21:50:24 2026] pci 0000:29:00.0: Adding to iommu group 15
[Fri Feb 20 21:50:24 2026] pci 0000:2a:00.0: Adding to iommu group 15
[Fri Feb 20 21:50:24 2026] pci 0000:2b:00.0: Adding to iommu group 16
[Fri Feb 20 21:50:24 2026] pci 0000:2b:00.1: Adding to iommu group 16
[Fri Feb 20 21:50:24 2026] pci 0000:2b:00.2: Adding to iommu group 16
[Fri Feb 20 21:50:24 2026] pci 0000:2b:00.3: Adding to iommu group 16
[Fri Feb 20 21:50:24 2026] pci 0000:2c:00.0: Adding to iommu group 17
[Fri Feb 20 21:50:24 2026] pci 0000:2d:00.0: Adding to iommu group 18
[Fri Feb 20 21:50:24 2026] pci 0000:2d:00.1: Adding to iommu group 19
[Fri Feb 20 21:50:24 2026] pci 0000:2d:00.3: Adding to iommu group 20
[Fri Feb 20 21:50:24 2026] pci 0000:2d:00.4: Adding to iommu group 21
[Fri Feb 20 21:50:24 2026] pci 0000:00:00.2: AMD-Vi: Found IOMMU cap 0x40
[Fri Feb 20 21:50:24 2026] AMD-Vi: Extended features (0x58f77ef22294ade): PPR X2APIC NX GT IA GA PC GA_vAPIC
[Fri Feb 20 21:50:24 2026] AMD-Vi: Interrupt remapping enabled
[Fri Feb 20 21:50:24 2026] AMD-Vi: X2APIC enabled
[Fri Feb 20 21:50:24 2026] AMD-Vi: Virtual APIC enabled
[Fri Feb 20 21:50:24 2026] PCI-DMA: Using software bounce buffering for IO (SWIOTLB)
[Fri Feb 20 21:50:24 2026] software IO TLB: mapped [mem 0x00000000b5c02000-0x00000000b9c02000] (64MB)
[Fri Feb 20 21:50:24 2026] LVT offset 0 assigned for vector 0x400
[Fri Feb 20 21:50:24 2026] perf: AMD IBS detected (0x000003ff)
[Fri Feb 20 21:50:24 2026] perf/amd_iommu: Detected AMD IOMMU #0 (2 banks, 4 counters/bank).
[Fri Feb 20 21:50:24 2026] Initialise system trusted keyrings
[Fri Feb 20 21:50:24 2026] Key type blacklist registered
[Fri Feb 20 21:50:24 2026] workingset: timestamp_bits=36 max_order=22 bucket_order=0
[Fri Feb 20 21:50:24 2026] zbud: loaded
[Fri Feb 20 21:50:24 2026] squashfs: version 4.0 (2009/01/31) Phillip Lougher
[Fri Feb 20 21:50:24 2026] fuse: init (API version 7.34)
[Fri Feb 20 21:50:24 2026] integrity: Platform Keyring initialized
[Fri Feb 20 21:50:24 2026] Key type asymmetric registered
[Fri Feb 20 21:50:24 2026] Asymmetric key parser 'x509' registered
[Fri Feb 20 21:50:24 2026] Block layer SCSI generic (bsg) driver version 0.4 loaded (major 243)
[Fri Feb 20 21:50:24 2026] io scheduler mq-deadline registered
[Fri Feb 20 21:50:24 2026] pcieport 0000:00:01.1: AER: enabled with IRQ 26
[Fri Feb 20 21:50:24 2026] pcieport 0000:00:01.2: AER: enabled with IRQ 27
[Fri Feb 20 21:50:24 2026] pcieport 0000:00:03.1: AER: enabled with IRQ 28
[Fri Feb 20 21:50:24 2026] pcieport 0000:00:07.1: AER: enabled with IRQ 30
[Fri Feb 20 21:50:24 2026] pcieport 0000:00:08.1: AER: enabled with IRQ 31
[Fri Feb 20 21:50:24 2026] shpchp: Standard Hot Plug PCI Controller Driver version: 0.4
[Fri Feb 20 21:50:24 2026] input: Power Button as /devices/LNXSYSTM:00/LNXSYBUS:00/PNP0C0C:00/input/input0
[Fri Feb 20 21:50:24 2026] ACPI: button: Power Button [PWRB]
[Fri Feb 20 21:50:24 2026] input: Power Button as /devices/LNXSYSTM:00/LNXPWRBN:00/input/input1
[Fri Feb 20 21:50:24 2026] ACPI: button: Power Button [PWRF]
[Fri Feb 20 21:50:24 2026] Monitor-Mwait will be used to enter C-1 state
[Fri Feb 20 21:50:24 2026] ACPI: \_SB_.PLTF.C000: Found 2 idle states
[Fri Feb 20 21:50:24 2026] ACPI: \_SB_.PLTF.C002: Found 2 idle states
[Fri Feb 20 21:50:24 2026] ACPI: \_SB_.PLTF.C004: Found 2 idle states
[Fri Feb 20 21:50:24 2026] ACPI: \_SB_.PLTF.C006: Found 2 idle states
[Fri Feb 20 21:50:24 2026] ACPI: \_SB_.PLTF.C008: Found 2 idle states
[Fri Feb 20 21:50:24 2026] ACPI: \_SB_.PLTF.C00A: Found 2 idle states
[Fri Feb 20 21:50:24 2026] ACPI: \_SB_.PLTF.C001: Found 2 idle states
[Fri Feb 20 21:50:24 2026] ACPI: \_SB_.PLTF.C003: Found 2 idle states
[Fri Feb 20 21:50:24 2026] ACPI: \_SB_.PLTF.C005: Found 2 idle states
[Fri Feb 20 21:50:24 2026] ACPI: \_SB_.PLTF.C007: Found 2 idle states
[Fri Feb 20 21:50:24 2026] ACPI: \_SB_.PLTF.C009: Found 2 idle states
[Fri Feb 20 21:50:24 2026] ACPI: \_SB_.PLTF.C00B: Found 2 idle states
[Fri Feb 20 21:50:24 2026] Serial: 8250/16550 driver, 32 ports, IRQ sharing enabled
[Fri Feb 20 21:50:24 2026] 00:04: ttyS0 at I/O 0x3f8 (irq = 4, base_baud = 115200) is a 16550A
[Fri Feb 20 21:50:24 2026] Linux agpgart interface v0.103
[Fri Feb 20 21:50:24 2026] loop: module loaded
[Fri Feb 20 21:50:24 2026] tun: Universal TUN/TAP device driver, 1.6
[Fri Feb 20 21:50:24 2026] PPP generic driver version 2.4.2
[Fri Feb 20 21:50:24 2026] VFIO - User Level meta-driver version: 0.3
[Fri Feb 20 21:50:24 2026] ehci_hcd: USB 2.0 'Enhanced' Host Controller (EHCI) Driver
[Fri Feb 20 21:50:24 2026] ehci-pci: EHCI PCI platform driver
[Fri Feb 20 21:50:24 2026] ehci-platform: EHCI generic platform driver
[Fri Feb 20 21:50:24 2026] ohci_hcd: USB 1.1 'Open' Host Controller (OHCI) Driver
[Fri Feb 20 21:50:24 2026] ohci-pci: OHCI PCI platform driver
[Fri Feb 20 21:50:24 2026] ohci-platform: OHCI generic platform driver
[Fri Feb 20 21:50:24 2026] uhci_hcd: USB Universal Host Controller Interface driver
[Fri Feb 20 21:50:24 2026] i8042: PNP: No PS/2 controller found.
[Fri Feb 20 21:50:24 2026] mousedev: PS/2 mouse device common for all mice
[Fri Feb 20 21:50:24 2026] rtc_cmos 00:02: RTC can wake from S4
[Fri Feb 20 21:50:24 2026] rtc_cmos 00:02: registered as rtc0
[Fri Feb 20 21:50:24 2026] rtc_cmos 00:02: setting system clock to 2020-01-01T00:00:51 UTC (1577836851)
[Fri Feb 20 21:50:24 2026] rtc_cmos 00:02: alarms up to one month, y3k, 114 bytes nvram, hpet irqs
[Fri Feb 20 21:50:24 2026] i2c_dev: i2c /dev entries driver
[Fri Feb 20 21:50:24 2026] device-mapper: core: CONFIG_IMA_DISABLE_HTABLE is disabled. Duplicate IMA measurements will not be recorded in the IMA log.
[Fri Feb 20 21:50:24 2026] device-mapper: uevent: version 1.0.3
[Fri Feb 20 21:50:24 2026] device-mapper: ioctl: 4.45.0-ioctl (2021-03-22) initialised: dm-devel@redhat.com
[Fri Feb 20 21:50:24 2026] ledtrig-cpu: registered to indicate activity on CPUs
[Fri Feb 20 21:50:24 2026] efifb: probing for efifb
[Fri Feb 20 21:50:24 2026] efifb: framebuffer at 0xd0000000, using 3072k, total 3072k
[Fri Feb 20 21:50:24 2026] efifb: mode is 1024x768x32, linelength=4096, pages=1
[Fri Feb 20 21:50:24 2026] efifb: scrolling: redraw
[Fri Feb 20 21:50:24 2026] efifb: Truecolor: size=8:8:8:8, shift=24:16:8:0
[Fri Feb 20 21:50:24 2026] Console: switching to colour frame buffer device 128x48
[Fri Feb 20 21:50:24 2026] fb0: EFI VGA frame buffer device
[Fri Feb 20 21:50:24 2026] EFI Variables Facility v0.08 2004-May-17
[Fri Feb 20 21:50:24 2026] drop_monitor: Initializing network drop monitor service
[Fri Feb 20 21:50:24 2026] NET: Registered PF_INET6 protocol family
[Fri Feb 20 21:50:25 2026] Freeing initrd memory: 202892K
[Fri Feb 20 21:50:25 2026] Segment Routing with IPv6
[Fri Feb 20 21:50:25 2026] In-situ OAM (IOAM) with IPv6
[Fri Feb 20 21:50:25 2026] NET: Registered PF_PACKET protocol family
[Fri Feb 20 21:50:25 2026] Key type dns_resolver registered
[Fri Feb 20 21:50:25 2026] microcode: CPU0: patch_level=0x08701021
[Fri Feb 20 21:50:25 2026] microcode: CPU1: patch_level=0x08701021
[Fri Feb 20 21:50:25 2026] microcode: CPU2: patch_level=0x08701021
[Fri Feb 20 21:50:25 2026] microcode: CPU3: patch_level=0x08701021
[Fri Feb 20 21:50:25 2026] microcode: CPU4: patch_level=0x08701021
[Fri Feb 20 21:50:25 2026] microcode: CPU5: patch_level=0x08701021
[Fri Feb 20 21:50:25 2026] microcode: CPU6: patch_level=0x08701021
[Fri Feb 20 21:50:25 2026] microcode: CPU7: patch_level=0x08701021
[Fri Feb 20 21:50:25 2026] microcode: CPU8: patch_level=0x08701021
[Fri Feb 20 21:50:25 2026] microcode: CPU9: patch_level=0x08701021
[Fri Feb 20 21:50:25 2026] microcode: CPU10: patch_level=0x08701021
[Fri Feb 20 21:50:25 2026] microcode: CPU11: patch_level=0x08701021
[Fri Feb 20 21:50:25 2026] microcode: Microcode Update Driver: v2.2.
[Fri Feb 20 21:50:25 2026] resctrl: L3 allocation detected
[Fri Feb 20 21:50:25 2026] resctrl: MB allocation detected
[Fri Feb 20 21:50:25 2026] resctrl: L3 monitoring detected
[Fri Feb 20 21:50:25 2026] IPI shorthand broadcast: enabled
[Fri Feb 20 21:50:25 2026] sched_clock: Marking stable (1112004019, 424603)->(1125517318, -13088696)
[Fri Feb 20 21:50:25 2026] registered taskstats version 1
[Fri Feb 20 21:50:25 2026] Loading compiled-in X.509 certificates
[Fri Feb 20 21:50:25 2026] Loaded X.509 cert 'Build time autogenerated kernel key: f152561eb05f1b12f36dac47de18b09053caa018'
[Fri Feb 20 21:50:25 2026] Loaded X.509 cert 'Canonical Ltd. Live Patch Signing 2025 Kmod: d541cef61dc7e793b7eb7e899970a2eef0b5dc8c'
[Fri Feb 20 21:50:25 2026] Loaded X.509 cert 'Canonical Ltd. Live Patch Signing: 14df34d1a87cf37625abec039ef2bf521249b969'
[Fri Feb 20 21:50:25 2026] Loaded X.509 cert 'Canonical Ltd. Kernel Module Signing: 88f752e560a1e0737e31163a466ad7b70a850c19'
[Fri Feb 20 21:50:25 2026] blacklist: Loading compiled-in revocation X.509 certificates
[Fri Feb 20 21:50:25 2026] Loaded X.509 cert 'Canonical Ltd. Secure Boot Signing: 61482aa2830d0ab2ad5af10b7250da9033ddcef0'
[Fri Feb 20 21:50:25 2026] Loaded X.509 cert 'Canonical Ltd. Secure Boot Signing (2017): 242ade75ac4a15e50d50c84b0d45ff3eae707a03'
[Fri Feb 20 21:50:25 2026] Loaded X.509 cert 'Canonical Ltd. Secure Boot Signing (ESM 2018): 365188c1d374d6b07c3c8f240f8ef722433d6a8b'
[Fri Feb 20 21:50:25 2026] Loaded X.509 cert 'Canonical Ltd. Secure Boot Signing (2019): c0746fd6c5da3ae827864651ad66ae47fe24b3e8'
[Fri Feb 20 21:50:25 2026] Loaded X.509 cert 'Canonical Ltd. Secure Boot Signing (2021 v1): a8d54bbb3825cfb94fa13c9f8a594a195c107b8d'
[Fri Feb 20 21:50:25 2026] Loaded X.509 cert 'Canonical Ltd. Secure Boot Signing (2021 v2): 4cf046892d6fd3c9a5b03f98d845f90851dc6a8c'
[Fri Feb 20 21:50:25 2026] Loaded X.509 cert 'Canonical Ltd. Secure Boot Signing (2021 v3): 100437bb6de6e469b581e61cd66bce3ef4ed53af'
[Fri Feb 20 21:50:25 2026] Loaded X.509 cert 'Canonical Ltd. Secure Boot Signing (Ubuntu Core 2019): c1d57b8f6b743f23ee41f4f7ee292f06eecadfb9'
[Fri Feb 20 21:50:25 2026] zswap: loaded using pool lzo/zbud
[Fri Feb 20 21:50:25 2026] Key type .fscrypt registered
[Fri Feb 20 21:50:25 2026] Key type fscrypt-provisioning registered
[Fri Feb 20 21:50:25 2026] Key type encrypted registered
[Fri Feb 20 21:50:25 2026] AppArmor: AppArmor sha1 policy hashing enabled
[Fri Feb 20 21:50:25 2026] integrity: Loading X.509 certificate: UEFI:MokListRT (MOKvar table)
[Fri Feb 20 21:50:25 2026] integrity: Loaded X.509 cert 'Canonical Ltd. Master Certificate Authority: ad91990bc22ab1f517048c23b6655a268e345a63'
[Fri Feb 20 21:50:25 2026] ima: No TPM chip found, activating TPM-bypass!
[Fri Feb 20 21:50:25 2026] Loading compiled-in module X.509 certificates
[Fri Feb 20 21:50:25 2026] Loaded X.509 cert 'Build time autogenerated kernel key: f152561eb05f1b12f36dac47de18b09053caa018'
[Fri Feb 20 21:50:25 2026] ima: Allocated hash algorithm: sha1
[Fri Feb 20 21:50:25 2026] ima: No architecture policies found
[Fri Feb 20 21:50:25 2026] evm: Initialising EVM extended attributes:
[Fri Feb 20 21:50:25 2026] evm: security.selinux
[Fri Feb 20 21:50:25 2026] evm: security.SMACK64
[Fri Feb 20 21:50:25 2026] evm: security.SMACK64EXEC
[Fri Feb 20 21:50:25 2026] evm: security.SMACK64TRANSMUTE
[Fri Feb 20 21:50:25 2026] evm: security.SMACK64MMAP
[Fri Feb 20 21:50:25 2026] evm: security.apparmor
[Fri Feb 20 21:50:25 2026] evm: security.ima
[Fri Feb 20 21:50:25 2026] evm: security.capability
[Fri Feb 20 21:50:25 2026] evm: HMAC attrs: 0x1
[Fri Feb 20 21:50:25 2026] PM:   Magic number: 4:1:0
[Fri Feb 20 21:50:25 2026] memory memory48: hash matches
[Fri Feb 20 21:50:25 2026] acpi_cpufreq: overriding BIOS provided _PSD data
[Fri Feb 20 21:50:25 2026] RAS: Correctable Errors collector initialized.
[Fri Feb 20 21:50:25 2026] clk: Disabling unused clocks
[Fri Feb 20 21:50:25 2026] Freeing unused decrypted memory: 2036K
[Fri Feb 20 21:50:25 2026] Freeing unused kernel image (initmem) memory: 3292K
[Fri Feb 20 21:50:25 2026] Write protecting the kernel read-only data: 30720k
[Fri Feb 20 21:50:25 2026] Freeing unused kernel image (text/rodata gap) memory: 2036K
[Fri Feb 20 21:50:25 2026] Freeing unused kernel image (rodata/data gap) memory: 1296K
[Fri Feb 20 21:50:25 2026] x86/mm: Checked W+X mappings: passed, no W+X pages found.
[Fri Feb 20 21:50:25 2026] Run /init as init process
[Fri Feb 20 21:50:25 2026]   with arguments:
[Fri Feb 20 21:50:25 2026]     /init
[Fri Feb 20 21:50:25 2026]   with environment:
[Fri Feb 20 21:50:25 2026]     HOME=/
[Fri Feb 20 21:50:25 2026]     TERM=linux
[Fri Feb 20 21:50:25 2026]     BOOT_IMAGE=/vmlinuz-5.15.0-168-generic
[Fri Feb 20 21:50:25 2026] xhci_hcd 0000:02:00.0: xHCI Host Controller
[Fri Feb 20 21:50:25 2026] xhci_hcd 0000:02:00.0: new USB bus registered, assigned bus number 1
[Fri Feb 20 21:50:25 2026] ahci 0000:02:00.1: version 3.0
[Fri Feb 20 21:50:25 2026] ahci 0000:02:00.1: SSS flag set, parallel bus scan disabled
[Fri Feb 20 21:50:25 2026] ahci 0000:02:00.1: AHCI 0001.0301 32 slots 6 ports 6 Gbps 0x3f impl SATA mode
[Fri Feb 20 21:50:25 2026] ahci 0000:02:00.1: flags: 64bit ncq sntf stag pm led clo only pmp pio slum part sxs deso sadm sds apst 
[Fri Feb 20 21:50:25 2026] nvidia-gpu 0000:2b:00.3: enabling device (0000 -> 0002)
[Fri Feb 20 21:50:25 2026] piix4_smbus 0000:00:14.0: SMBus Host Controller at 0xb00, revision 0
[Fri Feb 20 21:50:25 2026] r8169 0000:2a:00.0: enabling device (0000 -> 0003)
[Fri Feb 20 21:50:25 2026] piix4_smbus 0000:00:14.0: Using register 0x02 for SMBus port selection
[Fri Feb 20 21:50:25 2026] nvme nvme0: pci function 0000:01:00.0
[Fri Feb 20 21:50:25 2026] scsi host0: ahci
[Fri Feb 20 21:50:25 2026] scsi host1: ahci
[Fri Feb 20 21:50:25 2026] piix4_smbus 0000:00:14.0: Auxiliary SMBus Host Controller at 0xb20
[Fri Feb 20 21:50:25 2026] scsi host2: ahci
[Fri Feb 20 21:50:25 2026] scsi host3: ahci
[Fri Feb 20 21:50:25 2026] scsi host4: ahci
[Fri Feb 20 21:50:25 2026] scsi host5: ahci
[Fri Feb 20 21:50:25 2026] ata1: SATA max UDMA/133 abar m131072@0xfc780000 port 0xfc780100 irq 42
[Fri Feb 20 21:50:25 2026] nvme nvme0: Shutdown timeout set to 8 seconds
[Fri Feb 20 21:50:25 2026] ata2: SATA max UDMA/133 abar m131072@0xfc780000 port 0xfc780180 irq 42
[Fri Feb 20 21:50:25 2026] ata3: SATA max UDMA/133 abar m131072@0xfc780000 port 0xfc780200 irq 42
[Fri Feb 20 21:50:25 2026] ata4: SATA max UDMA/133 abar m131072@0xfc780000 port 0xfc780280 irq 42
[Fri Feb 20 21:50:25 2026] cryptd: max_cpu_qlen set to 1000
[Fri Feb 20 21:50:25 2026] ata5: SATA max UDMA/133 abar m131072@0xfc780000 port 0xfc780300 irq 42
[Fri Feb 20 21:50:25 2026] ata6: SATA max UDMA/133 abar m131072@0xfc780000 port 0xfc780380 irq 42
[Fri Feb 20 21:50:25 2026] r8169 0000:2a:00.0 eth0: RTL8168h/8111h, 2c:f0:5d:9e:73:59, XID 541, IRQ 79
[Fri Feb 20 21:50:25 2026] r8169 0000:2a:00.0 eth0: jumbo features [frames: 9194 bytes, tx checksumming: ko]
[Fri Feb 20 21:50:25 2026] nvme nvme0: 32/0/0 default/read/poll queues
[Fri Feb 20 21:50:25 2026]  nvme0n1: p1 p2 p3
[Fri Feb 20 21:50:25 2026] xhci_hcd 0000:02:00.0: hcc params 0x0200ef81 hci version 0x110 quirks 0x0000000000000410
[Fri Feb 20 21:50:25 2026] xhci_hcd 0000:02:00.0: xHCI Host Controller
[Fri Feb 20 21:50:25 2026] xhci_hcd 0000:02:00.0: new USB bus registered, assigned bus number 2
[Fri Feb 20 21:50:25 2026] xhci_hcd 0000:02:00.0: Host supports USB 3.1 Enhanced SuperSpeed
[Fri Feb 20 21:50:25 2026] usb usb1: New USB device found, idVendor=1d6b, idProduct=0002, bcdDevice= 5.15
[Fri Feb 20 21:50:25 2026] usb usb1: New USB device strings: Mfr=3, Product=2, SerialNumber=1
[Fri Feb 20 21:50:25 2026] usb usb1: Product: xHCI Host Controller
[Fri Feb 20 21:50:25 2026] usb usb1: Manufacturer: Linux 5.15.0-168-generic xhci-hcd
[Fri Feb 20 21:50:25 2026] usb usb1: SerialNumber: 0000:02:00.0
[Fri Feb 20 21:50:25 2026] hub 1-0:1.0: USB hub found
[Fri Feb 20 21:50:25 2026] hub 1-0:1.0: 10 ports detected
[Fri Feb 20 21:50:25 2026] usb usb2: We don't know the algorithms for LPM for this host, disabling LPM.
[Fri Feb 20 21:50:25 2026] usb usb2: New USB device found, idVendor=1d6b, idProduct=0003, bcdDevice= 5.15
[Fri Feb 20 21:50:25 2026] usb usb2: New USB device strings: Mfr=3, Product=2, SerialNumber=1
[Fri Feb 20 21:50:25 2026] usb usb2: Product: xHCI Host Controller
[Fri Feb 20 21:50:25 2026] usb usb2: Manufacturer: Linux 5.15.0-168-generic xhci-hcd
[Fri Feb 20 21:50:25 2026] usb usb2: SerialNumber: 0000:02:00.0
[Fri Feb 20 21:50:25 2026] hub 2-0:1.0: USB hub found
[Fri Feb 20 21:50:25 2026] hub 2-0:1.0: 4 ports detected
[Fri Feb 20 21:50:25 2026] xhci_hcd 0000:2b:00.2: xHCI Host Controller
[Fri Feb 20 21:50:25 2026] xhci_hcd 0000:2b:00.2: new USB bus registered, assigned bus number 3
[Fri Feb 20 21:50:25 2026] xhci_hcd 0000:2b:00.2: hcc params 0x0180ff05 hci version 0x110 quirks 0x0000000000000010
[Fri Feb 20 21:50:25 2026] xhci_hcd 0000:2b:00.2: xHCI Host Controller
[Fri Feb 20 21:50:25 2026] xhci_hcd 0000:2b:00.2: new USB bus registered, assigned bus number 4
[Fri Feb 20 21:50:25 2026] xhci_hcd 0000:2b:00.2: Host supports USB 3.1 Enhanced SuperSpeed
[Fri Feb 20 21:50:25 2026] usb usb3: New USB device found, idVendor=1d6b, idProduct=0002, bcdDevice= 5.15
[Fri Feb 20 21:50:25 2026] usb usb3: New USB device strings: Mfr=3, Product=2, SerialNumber=1
[Fri Feb 20 21:50:25 2026] usb usb3: Product: xHCI Host Controller
[Fri Feb 20 21:50:25 2026] usb usb3: Manufacturer: Linux 5.15.0-168-generic xhci-hcd
[Fri Feb 20 21:50:25 2026] usb usb3: SerialNumber: 0000:2b:00.2
[Fri Feb 20 21:50:25 2026] hub 3-0:1.0: USB hub found
[Fri Feb 20 21:50:25 2026] hub 3-0:1.0: 2 ports detected
[Fri Feb 20 21:50:25 2026] usb usb4: We don't know the algorithms for LPM for this host, disabling LPM.
[Fri Feb 20 21:50:25 2026] usb usb4: New USB device found, idVendor=1d6b, idProduct=0003, bcdDevice= 5.15
[Fri Feb 20 21:50:25 2026] usb usb4: New USB device strings: Mfr=3, Product=2, SerialNumber=1
[Fri Feb 20 21:50:25 2026] usb usb4: Product: xHCI Host Controller
[Fri Feb 20 21:50:25 2026] usb usb4: Manufacturer: Linux 5.15.0-168-generic xhci-hcd
[Fri Feb 20 21:50:25 2026] usb usb4: SerialNumber: 0000:2b:00.2
[Fri Feb 20 21:50:25 2026] hub 4-0:1.0: USB hub found
[Fri Feb 20 21:50:25 2026] hub 4-0:1.0: 4 ports detected
[Fri Feb 20 21:50:25 2026] xhci_hcd 0000:2d:00.3: xHCI Host Controller
[Fri Feb 20 21:50:25 2026] xhci_hcd 0000:2d:00.3: new USB bus registered, assigned bus number 5
[Fri Feb 20 21:50:25 2026] xhci_hcd 0000:2d:00.3: hcc params 0x0278ffe5 hci version 0x110 quirks 0x0000000000000410
[Fri Feb 20 21:50:25 2026] xhci_hcd 0000:2d:00.3: xHCI Host Controller
[Fri Feb 20 21:50:25 2026] xhci_hcd 0000:2d:00.3: new USB bus registered, assigned bus number 6
[Fri Feb 20 21:50:25 2026] xhci_hcd 0000:2d:00.3: Host supports USB 3.1 Enhanced SuperSpeed
[Fri Feb 20 21:50:25 2026] usb usb5: New USB device found, idVendor=1d6b, idProduct=0002, bcdDevice= 5.15
[Fri Feb 20 21:50:25 2026] usb usb5: New USB device strings: Mfr=3, Product=2, SerialNumber=1
[Fri Feb 20 21:50:25 2026] usb usb5: Product: xHCI Host Controller
[Fri Feb 20 21:50:25 2026] usb usb5: Manufacturer: Linux 5.15.0-168-generic xhci-hcd
[Fri Feb 20 21:50:25 2026] usb usb5: SerialNumber: 0000:2d:00.3
[Fri Feb 20 21:50:25 2026] hub 5-0:1.0: USB hub found
[Fri Feb 20 21:50:25 2026] hub 5-0:1.0: 4 ports detected
[Fri Feb 20 21:50:25 2026] usb usb6: We don't know the algorithms for LPM for this host, disabling LPM.
[Fri Feb 20 21:50:25 2026] usb usb6: New USB device found, idVendor=1d6b, idProduct=0003, bcdDevice= 5.15
[Fri Feb 20 21:50:25 2026] usb usb6: New USB device strings: Mfr=3, Product=2, SerialNumber=1
[Fri Feb 20 21:50:25 2026] usb usb6: Product: xHCI Host Controller
[Fri Feb 20 21:50:25 2026] usb usb6: Manufacturer: Linux 5.15.0-168-generic xhci-hcd
[Fri Feb 20 21:50:25 2026] usb usb6: SerialNumber: 0000:2d:00.3
[Fri Feb 20 21:50:25 2026] hub 6-0:1.0: USB hub found
[Fri Feb 20 21:50:25 2026] hub 6-0:1.0: 4 ports detected
[Fri Feb 20 21:50:25 2026] tsc: Refined TSC clocksource calibration: 3599.998 MHz
[Fri Feb 20 21:50:25 2026] clocksource: tsc: mask: 0xffffffffffffffff max_cycles: 0x33e451ab1a6, max_idle_ns: 440795278720 ns
[Fri Feb 20 21:50:25 2026] clocksource: Switched to clocksource tsc
[Fri Feb 20 21:50:25 2026] AVX2 version of gcm_enc/dec engaged.
[Fri Feb 20 21:50:25 2026] AES CTR mode by8 optimization enabled
[Fri Feb 20 21:50:25 2026] ata1: SATA link down (SStatus 0 SControl 300)
[Fri Feb 20 21:50:25 2026] usb 1-7: new high-speed USB device number 2 using xhci_hcd
[Fri Feb 20 21:50:25 2026] usb 5-2: new low-speed USB device number 2 using xhci_hcd
[Fri Feb 20 21:50:25 2026] usb 1-7: New USB device found, idVendor=05e3, idProduct=0608, bcdDevice=60.70
[Fri Feb 20 21:50:25 2026] usb 1-7: New USB device strings: Mfr=0, Product=1, SerialNumber=0
[Fri Feb 20 21:50:25 2026] usb 1-7: Product: USB2.0 Hub
[Fri Feb 20 21:50:25 2026] hub 1-7:1.0: USB hub found
[Fri Feb 20 21:50:25 2026] usb 5-2: New USB device found, idVendor=0461, idProduct=4d0f, bcdDevice= 1.00
[Fri Feb 20 21:50:25 2026] usb 5-2: New USB device strings: Mfr=1, Product=2, SerialNumber=0
[Fri Feb 20 21:50:25 2026] usb 5-2: Product: USB Optical Mouse
[Fri Feb 20 21:50:25 2026] usb 5-2: Manufacturer: PixArt
[Fri Feb 20 21:50:25 2026] hub 1-7:1.0: 4 ports detected
[Fri Feb 20 21:50:25 2026] ata2: SATA link down (SStatus 0 SControl 300)
[Fri Feb 20 21:50:26 2026] usb 5-3: new low-speed USB device number 3 using xhci_hcd
[Fri Feb 20 21:50:26 2026] usb 1-8: new full-speed USB device number 3 using xhci_hcd
[Fri Feb 20 21:50:26 2026] usb 5-3: New USB device found, idVendor=0d62, idProduct=910e, bcdDevice=33.02
[Fri Feb 20 21:50:26 2026] usb 5-3: New USB device strings: Mfr=0, Product=2, SerialNumber=0
[Fri Feb 20 21:50:26 2026] usb 5-3: Product: HP USB Business Slim Keyboard
[Fri Feb 20 21:50:26 2026] ata3: SATA link down (SStatus 0 SControl 300)
[Fri Feb 20 21:50:26 2026] usb 1-8: New USB device found, idVendor=1462, idProduct=7c95, bcdDevice= 0.01
[Fri Feb 20 21:50:26 2026] usb 1-8: New USB device strings: Mfr=1, Product=2, SerialNumber=3
[Fri Feb 20 21:50:26 2026] usb 1-8: Product: MYSTIC LIGHT 
[Fri Feb 20 21:50:26 2026] usb 1-8: Manufacturer: MSI
[Fri Feb 20 21:50:26 2026] usb 1-8: SerialNumber: A02020051202
[Fri Feb 20 21:50:26 2026] usb 5-4: new high-speed USB device number 4 using xhci_hcd
[Fri Feb 20 21:50:26 2026] usb 1-9: new full-speed USB device number 4 using xhci_hcd
[Fri Feb 20 21:50:26 2026] ata4: SATA link down (SStatus 0 SControl 300)
[Fri Feb 20 21:50:26 2026] usb 1-9: New USB device found, idVendor=8087, idProduct=0029, bcdDevice= 0.01
[Fri Feb 20 21:50:26 2026] usb 1-9: New USB device strings: Mfr=0, Product=0, SerialNumber=0
[Fri Feb 20 21:50:26 2026] ata5: SATA link down (SStatus 0 SControl 300)
[Fri Feb 20 21:50:27 2026] ata6: SATA link down (SStatus 0 SControl 300)
[Fri Feb 20 21:50:27 2026] r8169 0000:2a:00.0 enp42s0: renamed from eth0
[Fri Feb 20 21:50:27 2026] hid: raw HID events driver (C) Jiri Kosina
[Fri Feb 20 21:50:27 2026] usbcore: registered new interface driver usbhid
[Fri Feb 20 21:50:27 2026] usbhid: USB HID core driver
[Fri Feb 20 21:50:27 2026] input: PixArt USB Optical Mouse as /devices/pci0000:00/0000:00:08.1/0000:2d:00.3/usb5/5-2/5-2:1.0/0003:0461:4D0F.0001/input/input2
[Fri Feb 20 21:50:27 2026] hid-generic 0003:0461:4D0F.0001: input,hidraw0: USB HID v1.11 Mouse [PixArt USB Optical Mouse] on usb-0000:2d:00.3-2/input0
[Fri Feb 20 21:50:27 2026] input: HP USB Business Slim Keyboard as /devices/pci0000:00/0000:00:08.1/0000:2d:00.3/usb5/5-3/5-3:1.0/0003:0D62:910E.0002/input/input3
[Fri Feb 20 21:50:27 2026] hid-generic 0003:0D62:910E.0002: input,hidraw1: USB HID v1.10 Keyboard [HP USB Business Slim Keyboard] on usb-0000:2d:00.3-3/input0
[Fri Feb 20 21:50:27 2026] input: HP USB Business Slim Keyboard Consumer Control as /devices/pci0000:00/0000:00:08.1/0000:2d:00.3/usb5/5-3/5-3:1.1/0003:0D62:910E.0003/input/input4
[Fri Feb 20 21:50:27 2026] input: HP USB Business Slim Keyboard System Control as /devices/pci0000:00/0000:00:08.1/0000:2d:00.3/usb5/5-3/5-3:1.1/0003:0D62:910E.0003/input/input5
[Fri Feb 20 21:50:27 2026] input: HP USB Business Slim Keyboard as /devices/pci0000:00/0000:00:08.1/0000:2d:00.3/usb5/5-3/5-3:1.1/0003:0D62:910E.0003/input/input6
[Fri Feb 20 21:50:27 2026] hid-generic 0003:0D62:910E.0003: input,hiddev0,hidraw2: USB HID v1.10 Device [HP USB Business Slim Keyboard] on usb-0000:2d:00.3-3/input1
[Fri Feb 20 21:50:27 2026] input: MSI MYSTIC LIGHT  as /devices/pci0000:00/0000:00:01.2/0000:02:00.0/usb1/1-8/1-8:1.0/0003:1462:7C95.0004/input/input7
[Fri Feb 20 21:50:27 2026] hid-generic 0003:1462:7C95.0004: input,hiddev1,hidraw3: USB HID v1.10 Device [MSI MYSTIC LIGHT ] on usb-0000:02:00.0-8/input0
[Fri Feb 20 21:50:27 2026] nvidia: loading out-of-tree module taints kernel.
[Fri Feb 20 21:50:27 2026] nvidia: module license 'NVIDIA' taints kernel.
[Fri Feb 20 21:50:27 2026] Disabling lock debugging due to kernel taint
[Fri Feb 20 21:50:27 2026] nvidia: module verification failed: signature and/or required key missing - tainting kernel
[Fri Feb 20 21:50:27 2026] nvidia-nvlink: Nvlink Core is being initialized, major device number 510

[Fri Feb 20 21:50:27 2026] nvidia 0000:2b:00.0: enabling device (0002 -> 0003)
[Fri Feb 20 21:50:27 2026] nvidia 0000:2b:00.0: vgaarb: changed VGA decodes: olddecodes=io+mem,decodes=none:owns=none
[Fri Feb 20 21:50:27 2026] NVRM: loading NVIDIA UNIX x86_64 Kernel Module  535.288.01  Tue Nov 18 18:26:41 UTC 2025
[Fri Feb 20 21:50:27 2026] nvidia-modeset: Loading NVIDIA Kernel Mode Setting Driver for UNIX platforms  535.288.01  Tue Nov 18 18:19:41 UTC 2025
[Fri Feb 20 21:50:27 2026] [drm] [nvidia-drm] [GPU ID 0x00002b00] Loading driver
[Fri Feb 20 21:50:27 2026] [drm] Initialized nvidia-drm 0.0.0 20160202 for 0000:2b:00.0 on minor 0
[Fri Feb 20 21:50:31 2026] usb 5-4: device descriptor read/64, error -110
[Fri Feb 20 21:50:31 2026] usb 5-4: New USB device found, idVendor=abcd, idProduct=1234, bcdDevice= 1.00
[Fri Feb 20 21:50:31 2026] usb 5-4: New USB device strings: Mfr=1, Product=2, SerialNumber=3
[Fri Feb 20 21:50:31 2026] usb 5-4: Product: UDisk           
[Fri Feb 20 21:50:31 2026] usb 5-4: Manufacturer: General 
[Fri Feb 20 21:50:31 2026] usb 5-4: SerialNumber: 1701190718411907443701
[Fri Feb 20 21:50:31 2026] usb-storage 5-4:1.0: USB Mass Storage device detected
[Fri Feb 20 21:50:31 2026] scsi host6: usb-storage 5-4:1.0
[Fri Feb 20 21:50:31 2026] usbcore: registered new interface driver usb-storage
[Fri Feb 20 21:50:31 2026] usbcore: registered new interface driver uas
[Fri Feb 20 21:50:32 2026] raid6: avx2x4   gen() 27672 MB/s
[Fri Feb 20 21:50:32 2026] raid6: avx2x4   xor() 11283 MB/s
[Fri Feb 20 21:50:32 2026] raid6: avx2x2   gen() 39444 MB/s
[Fri Feb 20 21:50:32 2026] raid6: avx2x2   xor() 23069 MB/s
[Fri Feb 20 21:50:32 2026] raid6: avx2x1   gen() 30725 MB/s
[Fri Feb 20 21:50:32 2026] raid6: avx2x1   xor() 17754 MB/s
[Fri Feb 20 21:50:32 2026] raid6: sse2x4   gen() 18274 MB/s
[Fri Feb 20 21:50:32 2026] raid6: sse2x4   xor()  9562 MB/s
[Fri Feb 20 21:50:32 2026] raid6: sse2x2   gen() 20696 MB/s
[Fri Feb 20 21:50:32 2026] raid6: sse2x2   xor() 12122 MB/s
[Fri Feb 20 21:50:32 2026] raid6: sse2x1   gen() 15455 MB/s
[Fri Feb 20 21:50:32 2026] raid6: sse2x1   xor()  9225 MB/s
[Fri Feb 20 21:50:32 2026] raid6: using algorithm avx2x2 gen() 39444 MB/s
[Fri Feb 20 21:50:32 2026] raid6: .... xor() 23069 MB/s, rmw enabled
[Fri Feb 20 21:50:32 2026] raid6: using avx2x2 recovery algorithm
[Fri Feb 20 21:50:32 2026] xor: automatically using best checksumming function   avx       
[Fri Feb 20 21:50:32 2026] async_tx: api initialized (async)
[Fri Feb 20 21:50:32 2026] scsi 6:0:0:0: Direct-Access     General  UDisk            5.00 PQ: 0 ANSI: 2
[Fri Feb 20 21:50:32 2026] sd 6:0:0:0: Attached scsi generic sg0 type 0
[Fri Feb 20 21:50:32 2026] sd 6:0:0:0: [sda] 30720000 512-byte logical blocks: (15.7 GB/14.6 GiB)
[Fri Feb 20 21:50:32 2026] sd 6:0:0:0: [sda] Write Protect is off
[Fri Feb 20 21:50:32 2026] sd 6:0:0:0: [sda] Mode Sense: 0b 00 00 08
[Fri Feb 20 21:50:32 2026] sd 6:0:0:0: [sda] No Caching mode page found
[Fri Feb 20 21:50:32 2026] sd 6:0:0:0: [sda] Assuming drive cache: write through
[Fri Feb 20 21:50:32 2026]  sda: sda1
[Fri Feb 20 21:50:32 2026] sd 6:0:0:0: [sda] Attached SCSI removable disk
[Fri Feb 20 21:50:33 2026] Btrfs loaded, crc32c=crc32c-intel, zoned=yes, fsverity=yes
[Fri Feb 20 21:50:37 2026] EXT4-fs (dm-0): mounted filesystem with ordered data mode. Opts: (null). Quota mode: none.
[Fri Feb 20 21:50:38 2026] systemd[1]: System time before build time, advancing clock.
[Fri Feb 20 21:50:38 2026] systemd[1]: Inserted module 'autofs4'
[Fri Feb 20 21:50:38 2026] systemd[1]: systemd 249.11-0ubuntu3.17 running in system mode (+PAM +AUDIT +SELINUX +APPARMOR +IMA +SMACK +SECCOMP +GCRYPT +GNUTLS +OPENSSL +ACL +BLKID +CURL +ELFUTILS +FIDO2 +IDN2 -IDN +IPTC +KMOD +LIBCRYPTSETUP +LIBFDISK +PCRE2 -PWQUALITY -P11KIT -QRENCODE +BZIP2 +LZ4 +XZ +ZLIB +ZSTD -XKBCOMMON +UTMP +SYSVINIT default-hierarchy=unified)
[Fri Feb 20 21:50:38 2026] systemd[1]: Detected architecture x86-64.
[Fri Feb 20 21:50:38 2026] systemd[1]: Hostname set to <gpu-ws-05>.
[Fri Feb 20 21:50:38 2026] systemd[1]: Configuration file /run/systemd/system/netplan-ovs-cleanup.service is marked world-inaccessible. This has no effect as configuration data is accessible via APIs without restrictions. Proceeding anyway.
[Fri Feb 20 21:50:38 2026] systemd[1]: /lib/systemd/system/snapd.service:23: Unknown key name 'RestartMode' in section 'Service', ignoring.
[Fri Feb 20 21:50:38 2026] systemd[1]: Queued start job for default target Graphical Interface.
[Fri Feb 20 21:50:38 2026] systemd[1]: Created slice Slice /system/modprobe.
[Fri Feb 20 21:50:38 2026] systemd[1]: Created slice Slice /system/systemd-fsck.
[Fri Feb 20 21:50:38 2026] systemd[1]: Created slice User and Session Slice.
[Fri Feb 20 21:50:38 2026] systemd[1]: Started Forward Password Requests to Wall Directory Watch.
[Fri Feb 20 21:50:38 2026] systemd[1]: Set up automount Arbitrary Executable File Formats File System Automount Point.
[Fri Feb 20 21:50:38 2026] systemd[1]: Reached target User and Group Name Lookups.
[Fri Feb 20 21:50:38 2026] systemd[1]: Reached target Slice Units.
[Fri Feb 20 21:50:38 2026] systemd[1]: Reached target Mounting snaps.
[Fri Feb 20 21:50:38 2026] systemd[1]: Reached target Local Verity Protected Volumes.
[Fri Feb 20 21:50:38 2026] systemd[1]: Listening on Device-mapper event daemon FIFOs.
[Fri Feb 20 21:50:38 2026] systemd[1]: Listening on LVM2 poll daemon socket.
[Fri Feb 20 21:50:38 2026] systemd[1]: Listening on multipathd control socket.
[Fri Feb 20 21:50:38 2026] systemd[1]: Listening on Syslog Socket.
[Fri Feb 20 21:50:38 2026] systemd[1]: Listening on fsck to fsckd communication Socket.
[Fri Feb 20 21:50:38 2026] systemd[1]: Listening on initctl Compatibility Named Pipe.
[Fri Feb 20 21:50:38 2026] systemd[1]: Listening on Journal Audit Socket.
[Fri Feb 20 21:50:38 2026] systemd[1]: Listening on Journal Socket (/dev/log).
[Fri Feb 20 21:50:38 2026] systemd[1]: Listening on Journal Socket.
[Fri Feb 20 21:50:38 2026] systemd[1]: Listening on Network Service Netlink Socket.
[Fri Feb 20 21:50:38 2026] systemd[1]: Listening on udev Control Socket.
[Fri Feb 20 21:50:38 2026] systemd[1]: Listening on udev Kernel Socket.
[Fri Feb 20 21:50:38 2026] systemd[1]: Mounting Huge Pages File System...
[Fri Feb 20 21:50:38 2026] systemd[1]: Mounting POSIX Message Queue File System...
[Fri Feb 20 21:50:38 2026] systemd[1]: Mounting Kernel Debug File System...
[Fri Feb 20 21:50:38 2026] systemd[1]: Mounting Kernel Trace File System...
[Fri Feb 20 21:50:38 2026] systemd[1]: Starting Journal Service...
[Fri Feb 20 21:50:38 2026] systemd[1]: Starting Set the console keyboard layout...
[Fri Feb 20 21:50:38 2026] systemd[1]: Starting Create List of Static Device Nodes...
[Fri Feb 20 21:50:38 2026] systemd[1]: Starting Monitoring of LVM2 mirrors, snapshots etc. using dmeventd or progress polling...
[Fri Feb 20 21:50:38 2026] systemd[1]: Condition check resulted in LXD - agent being skipped.
[Fri Feb 20 21:50:38 2026] systemd[1]: Starting Load Kernel Module configfs...
[Fri Feb 20 21:50:38 2026] systemd[1]: Starting Load Kernel Module drm...
[Fri Feb 20 21:50:38 2026] systemd[1]: Starting Load Kernel Module efi_pstore...
[Fri Feb 20 21:50:38 2026] systemd[1]: Starting Load Kernel Module fuse...
[Fri Feb 20 21:50:38 2026] systemd[1]: Condition check resulted in OpenVSwitch configuration for cleanup being skipped.
[Fri Feb 20 21:50:38 2026] systemd[1]: Condition check resulted in File System Check on Root Device being skipped.
[Fri Feb 20 21:50:38 2026] pstore: Using crash dump compression: deflate
[Fri Feb 20 21:50:38 2026] pstore: Registered efi as persistent store backend
[Fri Feb 20 21:50:38 2026] systemd[1]: Starting Load Kernel Modules...
[Fri Feb 20 21:50:38 2026] systemd[1]: Starting Remount Root and Kernel File Systems...
[Fri Feb 20 21:50:38 2026] systemd[1]: Starting Coldplug All udev Devices...
[Fri Feb 20 21:50:38 2026] systemd[1]: Mounted Huge Pages File System.
[Fri Feb 20 21:50:38 2026] EXT4-fs (dm-0): re-mounted. Opts: (null). Quota mode: none.
[Fri Feb 20 21:50:38 2026] lp: driver loaded but no devices found
[Fri Feb 20 21:50:38 2026] systemd[1]: Mounted POSIX Message Queue File System.
[Fri Feb 20 21:50:38 2026] systemd[1]: Mounted Kernel Debug File System.
[Fri Feb 20 21:50:38 2026] ppdev: user-space parallel port driver
[Fri Feb 20 21:50:38 2026] systemd[1]: Mounted Kernel Trace File System.
[Fri Feb 20 21:50:38 2026] systemd[1]: Finished Create List of Static Device Nodes.
[Fri Feb 20 21:50:38 2026] systemd[1]: modprobe@configfs.service: Deactivated successfully.
[Fri Feb 20 21:50:38 2026] systemd[1]: Finished Load Kernel Module configfs.
[Fri Feb 20 21:50:38 2026] systemd[1]: modprobe@drm.service: Deactivated successfully.
[Fri Feb 20 21:50:38 2026] systemd[1]: Finished Load Kernel Module drm.
[Fri Feb 20 21:50:38 2026] systemd[1]: modprobe@efi_pstore.service: Deactivated successfully.
[Fri Feb 20 21:50:38 2026] systemd[1]: Finished Load Kernel Module efi_pstore.
[Fri Feb 20 21:50:38 2026] systemd[1]: modprobe@fuse.service: Deactivated successfully.
[Fri Feb 20 21:50:38 2026] systemd[1]: Finished Load Kernel Module fuse.
[Fri Feb 20 21:50:38 2026] systemd[1]: Finished Set the console keyboard layout.
[Fri Feb 20 21:50:38 2026] systemd[1]: Finished Load Kernel Modules.
[Fri Feb 20 21:50:38 2026] systemd[1]: Finished Remount Root and Kernel File Systems.
[Fri Feb 20 21:50:38 2026] systemd[1]: Activating swap /swap.img...
[Fri Feb 20 21:50:38 2026] systemd[1]: Mounting FUSE Control File System...
[Fri Feb 20 21:50:38 2026] Adding 4194300k swap on /swap.img.  Priority:-2 extents:13 across:62903168k SSFS
[Fri Feb 20 21:50:38 2026] systemd[1]: Mounting Kernel Configuration File System...
[Fri Feb 20 21:50:38 2026] systemd[1]: Starting Device-Mapper Multipath Device Controller...
[Fri Feb 20 21:50:38 2026] systemd[1]: Condition check resulted in Platform Persistent Storage Archival being skipped.
[Fri Feb 20 21:50:38 2026] systemd[1]: Starting Load/Save Random Seed...
[Fri Feb 20 21:50:38 2026] alua: device handler registered
[Fri Feb 20 21:50:38 2026] emc: device handler registered
[Fri Feb 20 21:50:38 2026] systemd[1]: Starting Apply Kernel Variables...
[Fri Feb 20 21:50:38 2026] rdac: device handler registered
[Fri Feb 20 21:50:38 2026] systemd[1]: Starting Create System Users...
[Fri Feb 20 21:50:38 2026] systemd[1]: Activated swap /swap.img.
[Fri Feb 20 21:50:38 2026] systemd[1]: Started Journal Service.
[Fri Feb 20 21:50:38 2026] systemd-journald[544]: Received client request to flush runtime journal.
[Fri Feb 20 21:50:38 2026] systemd-journald[544]: File /var/log/journal/f03e3ad6c7d24b0e80839303d10b15e9/system.journal corrupted or uncleanly shut down, renaming and replacing.
[Fri Feb 20 21:50:38 2026] loop0: detected capacity change from 0 to 130960
[Fri Feb 20 21:50:38 2026] loop1: detected capacity change from 0 to 130608
[Fri Feb 20 21:50:38 2026] loop2: detected capacity change from 0 to 151448
[Fri Feb 20 21:50:38 2026] loop3: detected capacity change from 0 to 151464
[Fri Feb 20 21:50:38 2026] loop4: detected capacity change from 0 to 178256
[Fri Feb 20 21:50:38 2026] loop5: detected capacity change from 0 to 187192
[Fri Feb 20 21:50:38 2026] loop6: detected capacity change from 0 to 156888
[Fri Feb 20 21:50:38 2026] loop7: detected capacity change from 0 to 156888
[Fri Feb 20 21:50:38 2026] loop8: detected capacity change from 0 to 145488
[Fri Feb 20 21:50:38 2026] loop9: detected capacity change from 0 to 79520
[Fri Feb 20 21:50:38 2026] loop10: detected capacity change from 0 to 98480
[Fri Feb 20 21:50:38 2026] nvidia_uvm: module uses symbols from proprietary module nvidia, inheriting taint.
[Fri Feb 20 21:50:38 2026] nvidia-uvm: Loaded the UVM driver, major device number 508.
[Fri Feb 20 21:50:38 2026] ccp 0000:2d:00.1: enabling device (0000 -> 0002)
[Fri Feb 20 21:50:38 2026] ccp 0000:2d:00.1: ccp: unable to access the device: you might be running a broken BIOS.
[Fri Feb 20 21:50:38 2026] Bluetooth: Core ver 2.22
[Fri Feb 20 21:50:38 2026] NET: Registered PF_BLUETOOTH protocol family
[Fri Feb 20 21:50:38 2026] Bluetooth: HCI device and connection manager initialized
[Fri Feb 20 21:50:38 2026] Bluetooth: HCI socket layer initialized
[Fri Feb 20 21:50:38 2026] Bluetooth: L2CAP socket layer initialized
[Fri Feb 20 21:50:38 2026] Bluetooth: SCO socket layer initialized
[Fri Feb 20 21:50:38 2026] cfg80211: Loading compiled-in X.509 certificates for regulatory database
[Fri Feb 20 21:50:38 2026] cfg80211: Loaded X.509 cert 'sforshee: 00b28ddf47aef9cea7'
[Fri Feb 20 21:50:38 2026] cfg80211: Loaded X.509 cert 'wens: 61c038651aabdcf94bd0ac7ff06c7248db18c600'
[Fri Feb 20 21:50:38 2026] EXT4-fs (nvme0n1p2): mounted filesystem with ordered data mode. Opts: (null). Quota mode: none.
[Fri Feb 20 21:50:38 2026] RAPL PMU: API unit is 2^-32 Joules, 1 fixed counters, 163840 ms ovfl timer
[Fri Feb 20 21:50:38 2026] RAPL PMU: hw unit of domain package 2^-16 Joules
[Fri Feb 20 21:50:38 2026] Intel(R) Wireless WiFi driver for Linux
[Fri Feb 20 21:50:38 2026] iwlwifi 0000:29:00.0: enabling device (0000 -> 0002)
[Fri Feb 20 21:50:38 2026] iwlwifi 0000:29:00.0: api flags index 2 larger than supported by driver
[Fri Feb 20 21:50:38 2026] iwlwifi 0000:29:00.0: TLV_FW_FSEQ_VERSION: FSEQ Version: 89.3.35.37
[Fri Feb 20 21:50:38 2026] iwlwifi 0000:29:00.0: loaded firmware version 66.f1c864e0.0 cc-a0-66.ucode op_mode iwlmvm
[Fri Feb 20 21:50:38 2026] kvm: Nested Virtualization enabled
[Fri Feb 20 21:50:38 2026] SVM: kvm: Nested Paging enabled
[Fri Feb 20 21:50:38 2026] SEV supported: 509 ASIDs
[Fri Feb 20 21:50:38 2026] SVM: Virtual VMLOAD VMSAVE supported
[Fri Feb 20 21:50:38 2026] SVM: Virtual GIF supported
[Fri Feb 20 21:50:38 2026] MCE: In-kernel MCE decoding enabled.
[Fri Feb 20 21:50:38 2026] audit: type=1400 audit(1756221786.715:2): apparmor="STATUS" operation="profile_load" profile="unconfined" name="lsb_release" pid=785 comm="apparmor_parser"
[Fri Feb 20 21:50:38 2026] audit: type=1400 audit(1756221786.715:3): apparmor="STATUS" operation="profile_load" profile="unconfined" name="nvidia_modprobe" pid=789 comm="apparmor_parser"
[Fri Feb 20 21:50:38 2026] audit: type=1400 audit(1756221786.715:4): apparmor="STATUS" operation="profile_load" profile="unconfined" name="nvidia_modprobe//kmod" pid=789 comm="apparmor_parser"
[Fri Feb 20 21:50:38 2026] audit: type=1400 audit(1756221786.719:5): apparmor="STATUS" operation="profile_load" profile="unconfined" name="ubuntu_pro_apt_news" pid=791 comm="apparmor_parser"
[Fri Feb 20 21:50:38 2026] audit: type=1400 audit(1756221786.719:6): apparmor="STATUS" operation="profile_load" profile="unconfined" name="libreoffice-senddoc" pid=796 comm="apparmor_parser"
[Fri Feb 20 21:50:38 2026] audit: type=1400 audit(1756221786.719:7): apparmor="STATUS" operation="profile_load" profile="unconfined" name="/usr/bin/man" pid=793 comm="apparmor_parser"
[Fri Feb 20 21:50:38 2026] audit: type=1400 audit(1756221786.719:8): apparmor="STATUS" operation="profile_load" profile="unconfined" name="man_filter" pid=793 comm="apparmor_parser"
[Fri Feb 20 21:50:38 2026] audit: type=1400 audit(1756221786.719:9): apparmor="STATUS" operation="profile_load" profile="unconfined" name="man_groff" pid=793 comm="apparmor_parser"
[Fri Feb 20 21:50:38 2026] audit: type=1400 audit(1756221786.719:10): apparmor="STATUS" operation="profile_load" profile="unconfined" name="/usr/sbin/cups-browsed" pid=800 comm="apparmor_parser"
[Fri Feb 20 21:50:38 2026] audit: type=1400 audit(1756221786.723:11): apparmor="STATUS" operation="profile_load" profile="unconfined" name="libreoffice-xpdfimport" pid=798 comm="apparmor_parser"
[Fri Feb 20 21:50:38 2026] iwlwifi 0000:29:00.0: Detected Intel(R) Wi-Fi 6 AX200 160MHz, REV=0x340
[Fri Feb 20 21:50:38 2026] thermal thermal_zone0: failed to read out thermal zone (-61)
[Fri Feb 20 21:50:38 2026] usbcore: registered new interface driver btusb
[Fri Feb 20 21:50:38 2026] Bluetooth: hci0: Bootloader revision 0.3 build 0 week 24 2017
[Fri Feb 20 21:50:38 2026] snd_hda_intel 0000:2b:00.1: enabling device (0000 -> 0002)
[Fri Feb 20 21:50:38 2026] snd_hda_intel 0000:2b:00.1: Disabling MSI
[Fri Feb 20 21:50:38 2026] snd_hda_intel 0000:2b:00.1: Handle vga_switcheroo audio client
[Fri Feb 20 21:50:38 2026] snd_hda_intel 0000:2d:00.4: enabling device (0000 -> 0002)
[Fri Feb 20 21:50:38 2026] Bluetooth: hci0: Device revision is 1
[Fri Feb 20 21:50:38 2026] Bluetooth: hci0: Secure boot is enabled
[Fri Feb 20 21:50:38 2026] Bluetooth: hci0: OTP lock is enabled
[Fri Feb 20 21:50:38 2026] Bluetooth: hci0: API lock is enabled
[Fri Feb 20 21:50:38 2026] Bluetooth: hci0: Debug lock is disabled
[Fri Feb 20 21:50:38 2026] Bluetooth: hci0: Minimum firmware build 1 week 10 2014
[Fri Feb 20 21:50:38 2026] Bluetooth: hci0: Found device firmware: intel/ibt-20-1-3.sfi
[Fri Feb 20 21:50:38 2026] snd_hda_codec_realtek hdaudioC1D0: autoconfig for ALC892: line_outs=1 (0x14/0x0/0x0/0x0/0x0) type:line
[Fri Feb 20 21:50:38 2026] snd_hda_codec_realtek hdaudioC1D0:    speaker_outs=0 (0x0/0x0/0x0/0x0/0x0)
[Fri Feb 20 21:50:38 2026] snd_hda_codec_realtek hdaudioC1D0:    hp_outs=1 (0x1b/0x0/0x0/0x0/0x0)
[Fri Feb 20 21:50:38 2026] snd_hda_codec_realtek hdaudioC1D0:    mono: mono_out=0x0
[Fri Feb 20 21:50:38 2026] snd_hda_codec_realtek hdaudioC1D0:    inputs:
[Fri Feb 20 21:50:38 2026] snd_hda_codec_realtek hdaudioC1D0:      Front Mic=0x19
[Fri Feb 20 21:50:38 2026] snd_hda_codec_realtek hdaudioC1D0:      Rear Mic=0x18
[Fri Feb 20 21:50:38 2026] snd_hda_codec_realtek hdaudioC1D0:      Line=0x1a
[Fri Feb 20 21:50:38 2026] input: HDA NVidia HDMI/DP,pcm=3 as /devices/pci0000:00/0000:00:03.1/0000:2b:00.1/sound/card0/input8
[Fri Feb 20 21:50:38 2026] input: HDA NVidia HDMI/DP,pcm=7 as /devices/pci0000:00/0000:00:03.1/0000:2b:00.1/sound/card0/input9
[Fri Feb 20 21:50:38 2026] input: HDA NVidia HDMI/DP,pcm=8 as /devices/pci0000:00/0000:00:03.1/0000:2b:00.1/sound/card0/input10
[Fri Feb 20 21:50:38 2026] input: HDA NVidia HDMI/DP,pcm=9 as /devices/pci0000:00/0000:00:03.1/0000:2b:00.1/sound/card0/input11
[Fri Feb 20 21:50:38 2026] input: HD-Audio Generic Front Mic as /devices/pci0000:00/0000:00:08.1/0000:2d:00.4/sound/card1/input15
[Fri Feb 20 21:50:38 2026] input: HDA NVidia HDMI/DP,pcm=10 as /devices/pci0000:00/0000:00:03.1/0000:2b:00.1/sound/card0/input12
[Fri Feb 20 21:50:38 2026] input: HD-Audio Generic Rear Mic as /devices/pci0000:00/0000:00:08.1/0000:2d:00.4/sound/card1/input16
[Fri Feb 20 21:50:38 2026] input: HDA NVidia HDMI/DP,pcm=11 as /devices/pci0000:00/0000:00:03.1/0000:2b:00.1/sound/card0/input13
[Fri Feb 20 21:50:38 2026] input: HD-Audio Generic Line as /devices/pci0000:00/0000:00:08.1/0000:2d:00.4/sound/card1/input17
[Fri Feb 20 21:50:38 2026] input: HDA NVidia HDMI/DP,pcm=12 as /devices/pci0000:00/0000:00:03.1/0000:2b:00.1/sound/card0/input14
[Fri Feb 20 21:50:38 2026] input: HD-Audio Generic Line Out as /devices/pci0000:00/0000:00:08.1/0000:2d:00.4/sound/card1/input18
[Fri Feb 20 21:50:38 2026] intel_rapl_common: Found RAPL domain package
[Fri Feb 20 21:50:38 2026] intel_rapl_common: Found RAPL domain core
[Fri Feb 20 21:50:38 2026] input: HD-Audio Generic Front Headphone as /devices/pci0000:00/0000:00:08.1/0000:2d:00.4/sound/card1/input19
[Fri Feb 20 21:50:38 2026] iwlwifi 0000:29:00.0: Detected RF HR B3, rfid=0x10a100
[Fri Feb 20 21:50:38 2026] systemd-journald[544]: Failed to read journal file /var/log/journal/f03e3ad6c7d24b0e80839303d10b15e9/user-1000.journal for rotation, trying to move it out of the way: Device or resource busy
[Fri Feb 20 21:50:38 2026] iwlwifi 0000:29:00.0: base HW address: 34:c9:3d:c0:16:a1
[Fri Feb 20 21:50:39 2026] iwlwifi 0000:29:00.0 wlo1: renamed from wlan0
[Fri Feb 20 21:50:39 2026] Generic FE-GE Realtek PHY r8169-0-2a00:00: attached PHY driver (mii_bus:phy_addr=r8169-0-2a00:00, irq=MAC)
[Fri Feb 20 21:50:39 2026] r8169 0000:2a:00.0 enp42s0: Link is Down
[Fri Feb 20 21:50:43 2026] r8169 0000:2a:00.0 enp42s0: Link is Up - 1Gbps/Full - flow control rx/tx
[Fri Feb 20 21:50:43 2026] IPv6: ADDRCONF(NETDEV_CHANGE): enp42s0: link becomes ready
[Fri Feb 20 21:50:44 2026] Bluetooth: hci0: Waiting for firmware download to complete
[Fri Feb 20 21:50:44 2026] Bluetooth: hci0: Firmware loaded in 5787018 usecs
[Fri Feb 20 21:50:44 2026] Bluetooth: hci0: Waiting for device to boot
[Fri Feb 20 21:50:44 2026] Bluetooth: hci0: Device booted in 16638 usecs
[Fri Feb 20 21:50:44 2026] Bluetooth: hci0: Found Intel DDC parameters: intel/ibt-20-1-3.ddc
[Fri Feb 20 21:50:44 2026] Bluetooth: hci0: Applying Intel DDC parameters completed
[Fri Feb 20 21:50:44 2026] Bluetooth: hci0: Firmware revision 0.3 build 132 week 3 2024
[Fri Feb 20 21:50:48 2026] Bluetooth: BNEP (Ethernet Emulation) ver 1.3
[Fri Feb 20 21:50:48 2026] Bluetooth: BNEP filters: protocol multicast
[Fri Feb 20 21:50:48 2026] Bluetooth: BNEP socket layer initialized
[Fri Feb 20 21:50:48 2026] NET: Registered PF_ALG protocol family
[Fri Feb 20 21:50:48 2026] loop11: detected capacity change from 0 to 8
